01-17 23:22:36.516 13603 14082 V IMU     : dt=0.027s accel=(5.950 1.490 -1.430)m/s^2
01-17 23:22:36.536 13603 14082 V IMU     : dt=0.018s accel=(-3.980 -1.110 -0.390)m/s^2
01-17 23:22:36.564 13603 14082 V IMU     : dt=0.030s accel=(0.270 -0.230 -1.630)m/s^2
01-17 23:22:36.581 13603 14082 V IMU     : dt=0.017s accel=(-0.320 -0.850 -1.560)m/s^2
01-17 23:22:36.598 13603 14082 V IMU     : dt=0.017s accel=(-4.940 -2.530 -0.020)m/s^2
01-17 23:22:36.612 13603 14140 I native  : Registering the position of 263149449 at 26.57,122.27,230.46,156.29
01-17 23:22:36.612 13603 14140 I native  : Registering the position of 263149449 at 26.57,122.27,230.46,156.29 at time 8795120911496
01-17 23:22:36.613 13603 14140 I native  : Registering the position of 122303374 at 36.35,129.45,192.14,155.87
01-17 23:22:36.613 13603 14140 I native  : Registering the position of 122303374 at 36.35,129.45,192.14,155.87 at time 8795120911496
01-17 23:22:36.614 13603 14140 I native  : Registering the position of 69298095 at 92.87,128.89,251.34,154.86
01-17 23:22:36.614 13603 14140 I native  : Registering the position of 69298095 at 92.87,128.89,251.34,154.86 at time 8795120911496
01-17 23:22:36.618 13603 14140 I native  : Registering the position of 2795452 at 37.35,118.62,151.03,152.45
01-17 23:22:36.618 13603 14140 I native  : Registering the position of 2795452 at 37.35,118.62,151.03,152.45 at time 8795120911496
01-17 23:22:36.620 13603 14082 V IMU     : dt=0.022s accel=(4.820 0.730 -4.550)m/s^2
01-17 23:22:36.652 13603 14082 V IMU     : dt=0.032s accel=(-2.680 -1.190 2.970)m/s^2
01-17 23:22:36.686 13603 14082 V IMU     : dt=0.034s accel=(1.990 0.240 3.440)m/s^2
01-17 23:22:36.706 13603 14082 V IMU     : dt=0.020s accel=(-4.640 -1.530 2.970)m/s^2
01-17 23:22:36.741 13603 14082 V IMU     : dt=0.034s accel=(4.840 1.220 -4.170)m/s^2
01-17 23:22:36.760 13603 14082 V IMU     : dt=0.020s accel=(-3.420 -2.350 0.630)m/s^2
01-17 23:22:36.794 13603 14082 V IMU     : dt=0.034s accel=(0.810 -0.490 2.190)m/s^2
01-17 23:22:36.815 13603 14082 V IMU     : dt=0.021s accel=(-1.920 -1.430 1.380)m/s^2
01-17 23:22:36.827 13603 14082 V IMU     : dt=0.012s accel=(-1.800 0.140 -0.020)m/s^2
01-17 23:22:36.859 13603 14082 V IMU     : dt=0.032s accel=(3.450 1.000 -3.130)m/s^2
01-17 23:22:36.882 13603 14082 V IMU     : dt=0.023s accel=(-3.050 -2.710 3.690)m/s^2
01-17 23:22:36.906 13603 14082 V IMU     : dt=0.019s accel=(2.960 -0.590 -0.140)m/s^2
01-17 23:22:36.940 13603 14082 V IMU     : dt=0.039s accel=(2.890 -0.280 -0.760)m/s^2
01-17 23:22:36.979 13603 14082 V IMU     : dt=0.029s accel=(0.570 -0.440 -3.120)m/s^2
01-17 23:22:36.997 13603 14082 V IMU     : dt=0.028s accel=(-0.430 -0.280 2.460)m/s^2
01-17 23:22:37.013 13603 14082 V IMU     : dt=0.016s accel=(3.080 0.160 -0.240)m/s^2
01-17 23:22:37.036 13603 14082 V IMU     : dt=0.023s accel=(-3.700 0.410 -0.630)m/s^2
01-17 23:22:37.058 13603 14082 V IMU     : dt=0.022s accel=(1.250 0.580 -2.420)m/s^2
01-17 23:22:37.079 13603 14082 V IMU     : dt=0.021s accel=(-1.580 -1.440 1.760)m/s^2
01-17 23:22:37.082 13603 13775 D Uvc     : [device.cpp:1756] uvc_process_streaming_status()...
01-17 23:22:37.082 13603 13775 D Uvc     : [device.cpp:1788] strm status org=1 error event=0x07 value=0x82 len=4.
01-17 23:22:37.082 13603 13775 D Uvc     : [device.cpp:1756] ...uvc_process_streaming_status()
01-17 23:22:37.099 13603 14082 V IMU     : dt=0.020s accel=(0.840 0.980 2.180)m/s^2
01-17 23:22:37.115 13603 14082 V IMU     : dt=0.016s accel=(2.320 0.280 -3.490)m/s^2
01-17 23:22:37.139 13603 14082 V IMU     : dt=0.024s accel=(-3.210 -1.210 -1.110)m/s^2
01-17 23:22:37.158 13603 14082 V IMU     : dt=0.019s accel=(3.320 1.840 0.030)m/s^2
01-17 23:22:37.179 13603 14082 V IMU     : dt=0.021s accel=(1.900 -0.540 -1.280)m/s^2
01-17 23:22:37.196 13603 14082 V IMU     : dt=0.017s accel=(-0.330 0.990 3.100)m/s^2
01-17 23:22:37.225 13603 14082 V IMU     : dt=0.029s accel=(1.950 -0.720 -2.190)m/s^2
01-17 23:22:37.239 13603 13775 D Uvc     : [device.cpp:1756] uvc_process_streaming_status()...
01-17 23:22:37.239 13603 13775 D Uvc     : [device.cpp:1788] strm status org=1 error event=0x07 value=0x83 len=4.
01-17 23:22:37.239 13603 13775 D Uvc     : [device.cpp:1756] ...uvc_process_streaming_status()
01-17 23:22:37.243 13603 14082 V IMU     : dt=0.018s accel=(-0.850 0.060 2.020)m/s^2
01-17 23:22:37.277 13603 14082 V IMU     : dt=0.023s accel=(2.040 1.850 2.030)m/s^2
01-17 23:22:37.298 13603 14082 V IMU     : dt=0.032s accel=(-2.440 -0.560 0.210)m/s^2
01-17 23:22:37.319 13603 14082 V IMU     : dt=0.021s accel=(2.690 0.480 -0.160)m/s^2
01-17 23:22:37.350 13603 13775 D Uvc     : [device.cpp:1756] uvc_process_streaming_status()...
01-17 23:22:37.350 13603 13775 D Uvc     : [device.cpp:1788] strm status org=1 error event=0x07 value=0x82 len=4.
01-17 23:22:37.350 13603 13775 D Uvc     : [device.cpp:1756] ...uvc_process_streaming_status()
01-17 23:22:37.355 13603 14082 V IMU     : dt=0.036s accel=(-2.260 0.060 -0.150)m/s^2
01-17 23:22:37.358 13603 14139 W YuvRgbFrame.8795507147264: RecognizeImageRunnable.postprocessDetections - got a recognition with an invalid / background label
01-17 23:22:37.358 13603 14139 I chatty  : uid=10080(com.qualcomm.ftcrobotcontroller) pool-49-thread- identical 1 line
01-17 23:22:37.358 13603 14139 W YuvRgbFrame.8795507147264: RecognizeImageRunnable.postprocessDetections - got a recognition with an invalid / background label
01-17 23:22:37.372 13603 14139 I native  : Registering the position of 145548101 at 64.21,116.93,282.53,153.99
01-17 23:22:37.372 13603 14139 I native  : Registering the position of 145548101 at 64.21,116.93,282.53,153.99 at time 8795507147264
01-17 23:22:37.377 13603 14139 I native  : Registering the position of 188349082 at 60.29,129.37,224.28,154.90
01-17 23:22:37.377 13603 14139 I native  : Registering the position of 188349082 at 60.29,129.37,224.28,154.90 at time 8795507147264
01-17 23:22:37.378 13603 14139 I native  : Registering the position of 254201803 at 113.79,129.19,272.26,155.61
01-17 23:22:37.379 13603 14139 I native  : Registering the position of 254201803 at 113.79,129.19,272.26,155.61 at time 8795507147264
01-17 23:22:37.419 13603 14082 V IMU     : dt=0.061s accel=(1.610 0.160 -2.090)m/s^2
01-17 23:22:37.447 13603 14082 V IMU     : dt=0.031s accel=(-1.830 -0.710 1.240)m/s^2
01-17 23:22:37.497 13603 14082 V IMU     : dt=0.048s accel=(2.170 0.940 0.700)m/s^2
01-17 23:22:37.513 13603 14140 W YuvRgbFrame.8795842549172: RecognizeImageRunnable.postprocessDetections - got a recognition with an invalid / background label
01-17 23:22:37.513 13603 14140 W YuvRgbFrame.8795842549172: RecognizeImageRunnable.postprocessDetections - got a recognition with an invalid / background label
01-17 23:22:37.522 13603 14082 V IMU     : dt=0.027s accel=(1.180 0.840 1.090)m/s^2
01-17 23:22:37.528 13603 14140 I native  : Registering the position of 148407208 at 75.18,117.94,275.62,153.75
01-17 23:22:37.528 13603 14140 I native  : Registering the position of 148407208 at 75.18,117.94,275.62,153.75 at time 8795842549172
01-17 23:22:37.529 13603 14140 I native  : Registering the position of 138243777 at 88.65,129.15,249.86,155.12
01-17 23:22:37.529 13603 14140 I native  : Registering the position of 138243777 at 88.65,129.15,249.86,155.12 at time 8795842549172
01-17 23:22:37.574 13603 14082 V IMU     : dt=0.050s accel=(0.950 0.500 0.880)m/s^2
01-17 23:22:37.600 13603 14082 V IMU     : dt=0.028s accel=(-4.810 -0.110 -2.820)m/s^2
01-17 23:22:37.644 13603 14082 V IMU     : dt=0.043s accel=(-0.390 2.930 -2.830)m/s^2
01-17 23:22:37.677 13603 14082 V IMU     : dt=0.029s accel=(2.300 1.530 1.060)m/s^2
01-17 23:22:37.687 13603 14082 V IMU     : dt=0.015s accel=(2.520 0.390 -0.080)m/s^2
01-17 23:22:37.707 13603 14082 V IMU     : dt=0.018s accel=(-1.750 0.460 1.360)m/s^2
01-17 23:22:37.736 13603 14082 V IMU     : dt=0.031s accel=(2.830 0.740 1.450)m/s^2
01-17 23:22:37.766 13603 14082 V IMU     : dt=0.030s accel=(-1.170 0.340 0.060)m/s^2
01-17 23:22:37.784 13603 14082 V IMU     : dt=0.017s accel=(3.380 0.360 -0.360)m/s^2
01-17 23:22:37.829 13603 14082 V IMU     : dt=0.045s accel=(-0.010 -0.010 -0.010)m/s^2
01-17 23:22:37.855 13603 14082 V IMU     : dt=0.027s accel=(-3.490 -0.620 0.560)m/s^2
01-17 23:22:37.862 13603 13775 D Uvc     : [device.cpp:1756] uvc_process_streaming_status()...
01-17 23:22:37.862 13603 13775 D Uvc     : [device.cpp:1788] strm status org=1 error event=0x07 value=0x83 len=4.
01-17 23:22:37.862 13603 13775 D Uvc     : [device.cpp:1756] ...uvc_process_streaming_status()
01-17 23:22:37.890 13603 14082 V IMU     : dt=0.020s accel=(3.390 1.190 0.130)m/s^2
01-17 23:22:37.911 13603 14082 V IMU     : dt=0.029s accel=(-3.140 -0.760 1.720)m/s^2
01-17 23:22:37.925 13603 14082 V IMU     : dt=0.021s accel=(3.630 2.090 -1.730)m/s^2
01-17 23:22:37.957 13603 14082 V IMU     : dt=0.032s accel=(-0.990 0.140 -2.340)m/s^2
01-17 23:22:37.979 13603 14082 V IMU     : dt=0.021s accel=(4.320 0.780 2.990)m/s^2
01-17 23:22:38.003 13603 14082 V IMU     : dt=0.024s accel=(0.650 -0.160 -1.940)m/s^2
01-17 23:22:38.035 13603 14082 V IMU     : dt=0.032s accel=(0.470 1.890 0.960)m/s^2
01-17 23:22:38.054 13603 14082 V IMU     : dt=0.019s accel=(-3.890 -0.360 -0.510)m/s^2
01-17 23:22:38.072 13603 14082 V IMU     : dt=0.019s accel=(0.420 1.240 -1.050)m/s^2
01-17 23:22:38.121 13603 14082 V IMU     : dt=0.049s accel=(-0.590 0.450 -0.090)m/s^2
01-17 23:22:38.137 13603 13615 I zygote  : NativeAlloc concurrent copying GC freed 93166(2MB) AllocSpace objects, 51(26MB) LOS objects, 48% free, 25MB/49MB, paused 931us total 715.999ms
01-17 23:22:38.162 13603 14082 V IMU     : dt=0.039s accel=(-3.110 -0.680 0.960)m/s^2
01-17 23:22:38.177 13603 14082 V IMU     : dt=0.017s accel=(2.500 2.330 1.000)m/s^2
01-17 23:22:38.201 13603 14082 V IMU     : dt=0.024s accel=(-0.420 -0.280 2.530)m/s^2
01-17 23:22:38.222 13603 14082 V IMU     : dt=0.020s accel=(-0.610 1.230 0.870)m/s^2
01-17 23:22:38.242 13603 14082 V IMU     : dt=0.021s accel=(3.420 0.000 1.070)m/s^2
01-17 23:22:38.256 13603 13710 V Robocol : received command: CMD_INIT_OP_MODE(10980) $Stop$Robot$
01-17 23:22:38.260 13603 14082 V IMU     : dt=0.018s accel=(-0.960 -1.400 2.570)m/s^2
01-17 23:22:38.267 13603 13709 I RobotCore: ******************** STOP - OPMODE /storage/emulated/0/FIRST/matchlogs/Match-0-6438_Chassis_Auton.txt ********************
01-17 23:22:38.300 13603 14082 V IMU     : dt=0.034s accel=(2.220 2.180 2.230)m/s^2
01-17 23:22:38.303 13603 14080 F Assert  : assertion failed
01-17 23:22:38.304 13603 14141 I RobotCore: saving match logcat to /storage/emulated/0/FIRST/matchlogs/Match-0-6438_Chassis_Auton.txt
01-17 23:22:38.304 13603 14141 I RobotCore: logging command line: exec logcat -d -T '1-17 23:22:6.000' -f /storage/emulated/0/FIRST/matchlogs/Match-0-6438_Chassis_Auton.txt -n4 -v threadtime UsbRequestJNI:S UsbRequest:S art:W ThreadPool:W System:W ExtendedExtractor:W OMXClient:W MediaPlayer:W dalvikvm:W  *:V
01-17 23:22:38.308 13603 14080 E Assert  : java.lang.RuntimeException: assertion failed
01-17 23:22:38.309 13603 14080 E Assert  : 	at org.firstinspires.ftc.robotcore.internal.system.Assert.assertFailed(Assert.java:127)
01-17 23:22:38.310 13603 14080 E Assert  : 	at com.qualcomm.robotcore.util.ThreadPool.verifyNotOnExecutorThread(ThreadPool.java:616)
01-17 23:22:38.312 13603 14082 V IMU     : dt=0.015s accel=(-0.890 0.420 -1.960)m/s^2
01-17 23:22:38.321 13603 14080 E Assert  : 	at com.qualcomm.robotcore.util.ThreadPool.awaitTermination(ThreadPool.java:501)
01-17 23:22:38.323 13603 14080 E Assert  : 	at com.qualcomm.robotcore.eventloop.opmode.LinearOpMode.stop(LinearOpMode.java:271)
01-17 23:22:38.324 13603 14080 E Assert  : 	at org.firstinspires.ftc.teamcode.Team6438AutonomousBlue.runOpMode(Team6438AutonomousBlue.java:134)
01-17 23:22:38.338 13603 14082 V IMU     : dt=0.027s accel=(0.530 0.400 -1.140)m/s^2
01-17 23:22:38.338 13603 14080 E Assert  : 	at com.qualcomm.robotcore.eventloop.opmode.LinearOpMode$LinearOpModeHelper$1.run(LinearOpMode.java:305)
01-17 23:22:38.339 13603 14080 E Assert  : 	at com.qualcomm.robotcore.util.ThreadPool.logThreadLifeCycle(ThreadPool.java:737)
01-17 23:22:38.354 13603 14080 E Assert  : 	at com.qualcomm.robotcore.eventloop.opmode.LinearOpMode$LinearOpModeHelper.run(LinearOpMode.java:300)
01-17 23:22:38.355 13603 14080 E Assert  : 	at java.util.concurrent.ThreadPoolExecutor.runWorker(ThreadPoolExecutor.java:1162)
01-17 23:22:38.355 13603 14082 V IMU     : dt=0.019s accel=(-2.380 -0.340 3.870)m/s^2
01-17 23:22:38.361 13603 14080 E Assert  : 	at java.util.concurrent.ThreadPoolExecutor$Worker.run(ThreadPoolExecutor.java:636)
01-17 23:22:38.362 13603 14080 E Assert  : 	at com.qualcomm.robotcore.util.ThreadPool$ThreadFactoryImpl$1.run(ThreadPool.java:793)
01-17 23:22:38.363 13603 14080 E Assert  : 	at java.lang.Thread.run(Thread.java:764)
01-17 23:22:38.365 13603 14080 V RobotCore: thread: ...terminating 'LinearOpMode main'
01-17 23:22:38.366 13603 14036 D Uvc     : [NativeVuforiaWebcam.h:347] NativeVuforiaWebcam::stop()...
01-17 23:22:38.366 13603 14036 D VuforiaWebcam: nativeCallbackStop()...
01-17 23:22:38.366 13603 14036 D VuforiaWebcam: stop()...
01-17 23:22:38.366 13603 14036 D UsbResiliantWebcam|DelCaptureSession: stopCapture()...
01-17 23:22:38.367 13603 14036 D UsbResiliantWebcam|DelCaptureSequence: undoStreaming()...
01-17 23:22:38.367 13603 14036 D UvcApiCaptureSession: stopCapture()...
01-17 23:22:38.367 13603 14036 D Uvc     : [jni_streamhandle.cpp:184] Java_org_firstinspires_ftc_robotcore_internal_camera_libuvc_nativeobject_UvcStreamHandle_nativeStopStreaming()...
01-17 23:22:38.367 13603 14036 V Uvc     : API: Java_org_firstinspires_ftc_robotcore_internal_camera_libuvc_nativeobject_UvcStreamHandle_nativeStopStreaming: enter...
01-17 23:22:38.376 13603 14082 V IMU     : dt=0.020s accel=(-2.940 5.690 5.140)m/s^2
01-17 23:22:38.383 13603 14036 D Uvc     : [stream.cpp:1467] uvc_stream_stop()...
01-17 23:22:38.383 13603 14036 D UvcStream: [stream.cpp:1495] cancelling extant transfers
01-17 23:22:38.390 13603 13711 V Robocol : sending CMD_STREAM_CHANGE(65522), attempt: 0
01-17 23:22:38.393 13603 14082 V IMU     : dt=0.018s accel=(-0.870 6.590 3.370)m/s^2
01-17 23:22:38.417 13603 14036 D Uvc     : [stream.cpp:1424] (waitForAllTransfers(waiting for cancelled transfers))...
01-17 23:22:38.420 13603 13775 D UvcStream: [stream.cpp:615] bad packet: error bit set
01-17 23:22:38.421 13603 13775 D UvcStream: [stream.cpp:615] bad packet: error bit set
01-17 23:22:38.422 13603 13775 D UvcStream: [stream.cpp:627] frame=252: previous frame failed to send EOF
01-17 23:22:38.424 13603 14082 V IMU     : dt=0.028s accel=(2.850 6.580 2.440)m/s^2
01-17 23:22:38.427 13603 14139 W YuvRgbFrame.8796587733570: RecognizeImageRunnable.postprocessDetections - got a recognition with an invalid / background label
01-17 23:22:38.427 13603 14139 W YuvRgbFrame.8796587733570: RecognizeImageRunnable.postprocessDetections - got a recognition with an invalid / background label
01-17 23:22:38.431 13603 14139 I native  : Registering the position of 201732692 at -0.99,7.67,68.79,81.62
01-17 23:22:38.432 13603 14139 I native  : Registering the position of 201732692 at -0.99,7.67,68.79,81.62 at time 8796587733570
01-17 23:22:38.432 13603 14036 D UvcStream: [stream.cpp:1438] no extant active transfers: continuing
01-17 23:22:38.432 13603 14036 D Uvc     : [stream.cpp:1424] ...()
01-17 23:22:38.433 13603 14036 D Uvc     : [stream.cpp:1142] uvc_stream_handle::stopIsochronousStreaming()...
01-17 23:22:38.433 13603 14036 D Uvc     : [libuvc/libuvc_internal.h:828] uvc_device_handle::setInterfaceAltSetting(setInterfaceAltSetting(intf=3 alt=0))...
01-17 23:22:38.433 13603 14036 D UvcDevice: setInterfaceAltSetting(3,0)
01-17 23:22:38.437 13603 14082 V IMU     : dt=0.016s accel=(-2.310 7.060 0.850)m/s^2
01-17 23:22:38.453 13603 14082 V IMU     : dt=0.016s accel=(-0.070 4.990 1.430)m/s^2
01-17 23:22:38.455 13603 14036 D UvcDevice: setInterfaceAltSetting(3,0) succeeded
01-17 23:22:38.455 13603 14036 D Uvc     : [libuvc/libuvc_internal.h:828] ...uvc_device_handle::setInterfaceAltSetting() rc=0
01-17 23:22:38.455 13603 14036 D Uvc     : [stream.cpp:1142] ...uvc_stream_handle::stopIsochronousStreaming() rc=0
01-17 23:22:38.455 13603 14036 D UvcStream: [stream.cpp:1511] awakening user thread
01-17 23:22:38.455 13603 14036 D UvcStream: [stream.cpp:1520] waiting for user callback thread to finish
01-17 23:22:38.468 13603 14082 V IMU     : dt=0.015s accel=(1.180 3.400 1.550)m/s^2
01-17 23:22:38.481 13603 14140 I native  : Registering the position of 49362429 at 155.91,-2.57,269.63,145.97
01-17 23:22:38.481 13603 14140 I native  : Registering the position of 49362429 at 155.91,-2.57,269.63,145.97 at time 8797015199965
01-17 23:22:38.481 13603 14140 I native  : Registering the position of 232080114 at 199.21,-6.09,276.38,124.82
01-17 23:22:38.481 13603 14140 I native  : Registering the position of 232080114 at 199.21,-6.09,276.38,124.82 at time 8797015199965
01-17 23:22:38.482 13603 14140 I native  : Registering the position of 123694403 at 28.50,79.04,116.47,132.71
01-17 23:22:38.482 13603 14140 I native  : Registering the position of 123694403 at 28.50,79.04,116.47,132.71 at time 8797015199965
01-17 23:22:38.484 13603 14082 V IMU     : dt=0.016s accel=(1.230 3.720 -0.090)m/s^2
01-17 23:22:38.500 13603 14082 V IMU     : dt=0.016s accel=(1.350 4.330 -0.360)m/s^2
01-17 23:22:38.516 13603 14082 V IMU     : dt=0.016s accel=(-1.010 1.390 1.450)m/s^2
01-17 23:22:38.533 13603 14082 V IMU     : dt=0.016s accel=(1.250 2.570 1.190)m/s^2
01-17 23:22:38.548 13603 14082 V IMU     : dt=0.016s accel=(1.750 4.610 -0.180)m/s^2
