--------- beginning of main
01-17 23:22:20.579 14086 14086 I chatty  : uid=10080(com.qualcomm.ftcrobotcontroller) default threadp expire 8 lines
01-17 23:22:21.476 13603 14132 I chatty  : uid=10080(com.qualcomm.ftcrobotcontroller) default threadp expire 3 lines
01-17 23:22:21.485 13603 14083 D libusb  : [2879.952751] [00003703] libusb: debug [op_get_config_descriptor] op_get_config_descriptor: config_index=0
01-17 23:22:21.491 13603 14083 D Uvc     : [device.cpp:986] uvc_scan_control()...
01-17 23:22:21.491 13603 14083 D Uvc     : [device.cpp:1041] uvc_parse_vc_header()...
01-17 23:22:21.491 13603 14083 D Uvc     : [device.cpp:1284] uvc_scan_streaming()...
01-17 23:22:21.491 13603 14083 D Uvc     : [device.cpp:1340] uvc_parse_vs_input_header()...
01-17 23:22:21.491 13603 14083 D Uvc     : [device.cpp:1340] ...uvc_parse_vs_input_header() rc=0
01-17 23:22:21.491 13603 14083 D Uvc     : [device.cpp:1389] uvc_parse_vs_format_uncompressed()...
01-17 23:22:21.491 13603 14083 D Uvc     : [device.cpp:1389] ...uvc_parse_vs_format_uncompressed() rc=0
01-17 23:22:21.491 13603 14083 V Uvc     : [device.cpp:1630] unsupported descriptor subtype: 13 UVC_VS_COLORFORMAT
01-17 23:22:21.491 13603 14083 D Uvc     : [device.cpp:1449] uvc_parse_vs_format_mjpeg()...
01-17 23:22:21.491 13603 14083 D Uvc     : [device.cpp:1449] ...uvc_parse_vs_format_mjpeg() rc=0
01-17 23:22:21.491 13603 14083 V Uvc     : [device.cpp:1630] unsupported descriptor subtype: 13 UVC_VS_COLORFORMAT
01-17 23:22:21.491 13603 14083 D Uvc     : [device.cpp:1284] ...uvc_scan_streaming() rc=0
01-17 23:22:21.491 13603 14083 D Uvc     : [device.cpp:1041] ...uvc_parse_vc_header() rc=0
01-17 23:22:21.491 13603 14083 D Uvc     : [device.cpp:1083] uvc_parse_vc_input_terminal()...
01-17 23:22:21.491 13603 14083 D Uvc     : [device.cpp:1083] ...uvc_parse_vc_input_terminal() rc=0
01-17 23:22:21.491 13603 14083 D Uvc     : [device.cpp:1156] uvc_parse_vc_processing_unit()...
01-17 23:22:21.491 13603 14083 D Uvc     : [device.cpp:1156] ...uvc_parse_vc_processing_unit() rc=0
01-17 23:22:21.491 13603 14083 D Uvc     : [device.cpp:986] ...uvc_scan_control() rc=0
01-17 23:22:21.491 13603 14083 D Uvc     : [device.cpp:386] ...uvc_get_device_info() rc=0
01-17 23:22:21.491 13603 14083 V Uvc     : API: Java_org_firstinspires_ftc_robotcore_internal_camera_libuvc_nativeobject_UvcDevice_nativeGetDeviceInfo: ...exit
01-17 23:22:21.491 13603 14083 D Uvc     : [jni_device.cpp:297] ...Java_org_firstinspires_ftc_robotcore_internal_camera_libuvc_nativeobject_UvcDevice_nativeGetDeviceInfo()
01-17 23:22:21.495 13603 14083 V UvcDeviceInfo: construct(pointer=0x8ecb6c10)
01-17 23:22:21.495 13603 14083 V UvcStreamingInterface: construct(pointer=0x842d7ac0)
01-17 23:22:21.496 13603 14082 V IMU     : dt=0.018s accel=(0.360 0.000 0.000)m/s^2
01-17 23:22:21.514 13603 14082 V IMU     : dt=0.019s accel=(0.360 0.010 0.000)m/s^2
01-17 23:22:21.529 13603 14082 V IMU     : dt=0.015s accel=(0.360 0.020 0.000)m/s^2
01-17 23:22:21.544 13603 14082 V IMU     : dt=0.015s accel=(0.370 -0.070 0.000)m/s^2
01-17 23:22:21.562 13603 14082 V IMU     : dt=0.016s accel=(0.360 -0.080 0.000)m/s^2
01-17 23:22:21.578 13603 14082 V IMU     : dt=0.016s accel=(0.370 -0.060 0.000)m/s^2
01-17 23:22:21.592 13603 14082 V IMU     : dt=0.015s accel=(0.360 -0.010 0.000)m/s^2
01-17 23:22:21.608 13603 14082 V IMU     : dt=0.016s accel=(0.360 -0.010 -0.010)m/s^2
01-17 23:22:21.622 13603 14082 V IMU     : dt=0.015s accel=(0.370 0.020 -0.010)m/s^2
01-17 23:22:21.635 13603 14083 V UvcStreamingInterface: destroy(pointer=0x842d7ac0)
01-17 23:22:21.637 13603 14082 V IMU     : dt=0.015s accel=(0.380 0.020 0.000)m/s^2
01-17 23:22:21.640 13603 14083 V UvcDeviceInfo: destroy(pointer=0x8ecb6c10)
01-17 23:22:21.640 13603 14083 D Uvc     : [jni_deviceinfo.cpp:63] Java_org_firstinspires_ftc_robotcore_internal_camera_libuvc_nativeobject_UvcDeviceInfo_nativeFreeDeviceInfo()...
01-17 23:22:21.640 13603 14083 V Uvc     : API: Java_org_firstinspires_ftc_robotcore_internal_camera_libuvc_nativeobject_UvcDeviceInfo_nativeFreeDeviceInfo: enter...
01-17 23:22:21.640 13603 14083 D Uvc     : [device.cpp:433] uvc_free_device_info()...
01-17 23:22:21.641 13603 14083 D Uvc     : [device.cpp:433] ...uvc_free_device_info()
01-17 23:22:21.641 13603 14083 V Uvc     : API: Java_org_firstinspires_ftc_robotcore_internal_camera_libuvc_nativeobject_UvcDeviceInfo_nativeFreeDeviceInfo: ...exit
01-17 23:22:21.641 13603 14083 D Uvc     : [jni_deviceinfo.cpp:63] ...Java_org_firstinspires_ftc_robotcore_internal_camera_libuvc_nativeobject_UvcDeviceInfo_nativeFreeDeviceInfo()
01-17 23:22:21.642 13603 14083 V UvcApiCameraCharacteristicsBuilder: destroy(hash=0x0966a9f4)
01-17 23:22:21.642 13603 14083 V UvcDevice: destroy(pointer=0xa999c998|/dev/bus/usb/001/005)
01-17 23:22:21.642 13603 14083 D Uvc     : [jni_device.cpp:126] Java_org_firstinspires_ftc_robotcore_internal_camera_libuvc_nativeobject_UvcDevice_nativeReleaseRefDevice()...
01-17 23:22:21.642 13603 14083 V Uvc     : API: Java_org_firstinspires_ftc_robotcore_internal_camera_libuvc_nativeobject_UvcDevice_nativeReleaseRefDevice: enter...
01-17 23:22:21.642 13603 14083 D Uvc     : [device.cpp:882] uvc_unref_device()...
01-17 23:22:21.642 13603 14083 D Uvc     : [device.cpp:882] ...uvc_unref_device()
01-17 23:22:21.642 13603 14083 V Uvc     : API: Java_org_firstinspires_ftc_robotcore_internal_camera_libuvc_nativeobject_UvcDevice_nativeReleaseRefDevice: ...exit
01-17 23:22:21.642 13603 14083 D Uvc     : [jni_device.cpp:126] ...Java_org_firstinspires_ftc_robotcore_internal_camera_libuvc_nativeobject_UvcDevice_nativeReleaseRefDevice()
01-17 23:22:21.642 13603 14083 V LibUsbDevice: destroy(pointer=0xa7a37100)
01-17 23:22:21.642 13603 14083 D Uvc     : [jni_libusb_device.cpp:64] Java_org_firstinspires_ftc_robotcore_internal_camera_libuvc_nativeobject_LibUsbDevice_nativeReleaseRefDevice()...
01-17 23:22:21.642 13603 14083 D Uvc     : [jni_libusb_device.cpp:64] ...Java_org_firstinspires_ftc_robotcore_internal_camera_libuvc_nativeobject_LibUsbDevice_nativeReleaseRefDevice()
01-17 23:22:21.644 13603 14083 D CameraCalibrationManager: CameraCalibration(VendorProductCalibrationIdentity(vid=0x046d,pid=0x082c) 320x240)=null
01-17 23:22:21.644 13603 14083 D CameraCalibrationManager: CameraCalibration(VendorProductCalibrationIdentity(vid=0x046d,pid=0x082c) 960x720)=null
01-17 23:22:21.645 13603 14083 D CameraCalibrationManager: CameraCalibration(VendorProductCalibrationIdentity(vid=0x046d,pid=0x082c) 1280x720)=null
01-17 23:22:21.645 13603 14083 D CameraCalibrationManager: CameraCalibration(VendorProductCalibrationIdentity(vid=0x046d,pid=0x082c) 160x120)=null
01-17 23:22:21.646 13603 14083 D CameraCalibrationManager: CameraCalibration(VendorProductCalibrationIdentity(vid=0x046d,pid=0x082c) 800x600)=null
01-17 23:22:21.646 13603 14083 D CameraCalibrationManager: CameraCalibration(VendorProductCalibrationIdentity(vid=0x046d,pid=0x082c) 1920x1080)=null
01-17 23:22:21.653 13603 14082 V IMU     : dt=0.015s accel=(0.380 0.000 0.000)m/s^2
01-17 23:22:21.657 13603 14083 D CameraCalibrationManager: CameraCalibration(VendorProductCalibrationIdentity(vid=0x046d,pid=0x082c) 640x480)=null
01-17 23:22:21.658 13603 14083 D CameraCalibrationManager: CameraCalibration(VendorProductCalibrationIdentity(vid=0x046d,pid=0x082c) 176x144)=null
01-17 23:22:21.658 13603 14083 D CameraCalibrationManager: CameraCalibration(VendorProductCalibrationIdentity(vid=0x046d,pid=0x082c) 432x240)=null
01-17 23:22:21.659 13603 14083 D CameraCalibrationManager: CameraCalibration(VendorProductCalibrationIdentity(vid=0x046d,pid=0x082c) 352x288)=null
01-17 23:22:21.659 13603 14083 D CameraCalibrationManager: CameraCalibration(VendorProductCalibrationIdentity(vid=0x046d,pid=0x082c) 800x448)=null
01-17 23:22:21.660 13603 14083 D CameraCalibrationManager: CameraCalibration(VendorProductCalibrationIdentity(vid=0x046d,pid=0x082c) 864x480)=null
01-17 23:22:21.660 13603 14083 D CameraCalibrationManager: CameraCalibration(VendorProductCalibrationIdentity(vid=0x046d,pid=0x082c) 1024x576)=null
01-17 23:22:21.666 13603 14083 D CameraCalibrationManager: CameraCalibration(VendorProductCalibrationIdentity(vid=0x046d,pid=0x082c) 1600x896)=null
01-17 23:22:21.670 13603 14083 D CameraCalibrationManager: CameraCalibration(VendorProductCalibrationIdentity(vid=0x046d,pid=0x082c) 640x360)=null
01-17 23:22:21.670 13603 14083 D VuforiaWebcam: ...openCamera()
01-17 23:22:21.671 13603 14083 D VuforiaWebcam: ...nativeCallbackOpen()
01-17 23:22:21.671 13603 14083 D Uvc     : [NativeVuforiaWebcam.h:289] ...NativeVuforiaWebcam::open()
01-17 23:22:21.671 13603 14082 V IMU     : dt=0.018s accel=(0.370 -0.010 0.010)m/s^2
01-17 23:22:21.672 13603 14083 D CachingExposureControl: isModeSupported(Auto)...
01-17 23:22:21.672 13603 14083 D CachingExposureControl: ...isModeSupported(Auto): false
01-17 23:22:21.672 13603 14083 D CachingExposureControl: isModeSupported(AperturePriority)...
01-17 23:22:21.672 13603 14083 D CachingExposureControl: ...isModeSupported(AperturePriority): true
01-17 23:22:21.673 13603 14083 D CachingExposureControl: isModeSupported(ContinuousAuto)...
01-17 23:22:21.673 13603 14083 D CachingExposureControl: ...isModeSupported(ContinuousAuto): false
01-17 23:22:21.673 13603 14083 D CachingExposureControl: isModeSupported(Manual)...
01-17 23:22:21.673 13603 14083 D CachingExposureControl: ...isModeSupported(Manual): true
01-17 23:22:21.673 13603 14083 D CachingExposureControl: isModeSupported(ShutterPriority)...
01-17 23:22:21.673 13603 14083 D CachingExposureControl: ...isModeSupported(ShutterPriority): false
01-17 23:22:21.683 13603 14083 D Uvc     : [NativeVuforiaWebcam.h:515] NativeVuforiaWebcam::supportsExposureValue()...
01-17 23:22:21.683 13603 14083 D Uvc     : [NativeVuforiaWebcam.h:515] ...NativeVuforiaWebcam::supportsExposureValue()
01-17 23:22:21.683 13603 14083 D Uvc     : [NativeVuforiaWebcam.h:579] NativeVuforiaWebcam::supportsFocusValue()...
01-17 23:22:21.683 13603 14083 D Uvc     : [NativeVuforiaWebcam.h:579] ...NativeVuforiaWebcam::supportsFocusValue()
01-17 23:22:21.687 13603 14082 V IMU     : dt=0.016s accel=(0.360 -0.020 0.010)m/s^2
01-17 23:22:21.707 13603 14082 V IMU     : dt=0.020s accel=(0.360 -0.020 0.010)m/s^2
01-17 23:22:21.723 13603 14082 V IMU     : dt=0.016s accel=(0.340 -0.010 0.000)m/s^2
01-17 23:22:21.738 13603 14082 V IMU     : dt=0.015s accel=(0.360 0.020 0.000)m/s^2
01-17 23:22:21.757 13603 14082 V IMU     : dt=0.019s accel=(0.380 0.020 0.000)m/s^2
01-17 23:22:21.773 13603 14082 V IMU     : dt=0.016s accel=(0.380 0.000 0.000)m/s^2
01-17 23:22:21.789 13603 14082 V IMU     : dt=0.016s accel=(0.360 0.000 0.020)m/s^2
01-17 23:22:21.804 13603 14082 V IMU     : dt=0.015s accel=(0.360 0.000 0.000)m/s^2
01-17 23:22:21.819 13603 14082 V IMU     : dt=0.015s accel=(0.380 0.000 0.000)m/s^2
01-17 23:22:21.834 13603 14082 V IMU     : dt=0.015s accel=(0.360 -0.010 0.000)m/s^2
01-17 23:22:21.849 13603 14082 V IMU     : dt=0.015s accel=(0.370 0.000 0.000)m/s^2
01-17 23:22:21.867 13603 14082 V IMU     : dt=0.018s accel=(0.360 0.000 -0.010)m/s^2
01-17 23:22:21.884 13603 14082 V IMU     : dt=0.017s accel=(0.360 -0.030 0.020)m/s^2
01-17 23:22:21.900 13603 14082 V IMU     : dt=0.016s accel=(0.380 0.000 0.000)m/s^2
01-17 23:22:21.916 13603 14082 V IMU     : dt=0.016s accel=(0.380 -0.020 0.000)m/s^2
01-17 23:22:21.932 13603 14082 V IMU     : dt=0.016s accel=(0.360 0.000 0.000)m/s^2
01-17 23:22:21.948 13603 14082 V IMU     : dt=0.016s accel=(0.370 0.010 0.010)m/s^2
01-17 23:22:21.964 13603 14082 V IMU     : dt=0.016s accel=(0.350 0.000 0.000)m/s^2
01-17 23:22:21.979 13603 14082 V IMU     : dt=0.015s accel=(0.360 -0.010 0.000)m/s^2
01-17 23:22:21.995 13603 14082 V IMU     : dt=0.016s accel=(0.390 -0.020 0.000)m/s^2
01-17 23:22:22.013 13603 14082 V IMU     : dt=0.018s accel=(0.360 -0.010 -0.020)m/s^2
01-17 23:22:22.029 13603 14082 V IMU     : dt=0.016s accel=(0.360 0.000 -0.010)m/s^2
01-17 23:22:22.032 13603 14083 I AR      : ObjectTracker: This device doesn't support model targets extended tracking, extended tracking will be turned off
01-17 23:22:22.038 13603 14083 D Uvc     : [NativeVuforiaWebcam.h:322] NativeVuforiaWebcam::start()...
01-17 23:22:22.038 13603 14083 D VuforiaWebcam: nativeCallbackStart()...
01-17 23:22:22.039 13603 14083 V CameraCallback: construct(pointer=0x8f789a58)
01-17 23:22:22.039 13603 14083 D VuforiaWebcam: start(CameraMode(format=YUYV:1 w=800 h=448 fps=30))...
01-17 23:22:22.040 13603 14083 D UsbResiliantWebcam: createCaptureSession()...
01-17 23:22:22.040 13603 14083 V DelCaptureSession: construct(0x0f36e51d)
01-17 23:22:22.045 13603 14083 D UsbResiliantWebcam|DelCaptureSession: onCameraChange(null->CameraImpl(UvcDeviceHandle(pointer=0xb1a2dba0|UvcDevice(/dev/bus/usb/001/005))))...
01-17 23:22:22.045 13603 14083 D UsbResiliantWebcam|DelCaptureSession: ...onCameraChange(null->CameraImpl(UvcDeviceHandle(pointer=0xb1a2dba0|UvcDevice(/dev/bus/usb/001/005))))
01-17 23:22:22.047 13603 14083 D CachingExposureControl: onCameraChanged(CameraImpl(UvcDeviceHandle(pointer=0xb1a2dba0|UvcDevice(/dev/bus/usb/001/005)))->CameraImpl(UvcDeviceHandle(pointer=0xb1a2dba0|UvcDevice(/dev/bus/usb/001/005))))...
01-17 23:22:22.047 13603 14083 D CachingExposureControl: ...onCameraChanged(CameraImpl(UvcDeviceHandle(pointer=0xb1a2dba0|UvcDevice(/dev/bus/usb/001/005)))->CameraImpl(UvcDeviceHandle(pointer=0xb1a2dba0|UvcDevice(/dev/bus/usb/001/005))))
01-17 23:22:22.047 13603 14083 D UsbResiliantWebcam: ...createCaptureSession()
01-17 23:22:22.047 13603 14083 D ContinuationSynchronizer: awaiting(camera start)...
01-17 23:22:22.049 13603 14133 D VuforiaWebcam: capture session DelegatingCaptureSession(1) reports configured
01-17 23:22:22.050 13603 14133 D UsbResiliantWebcam|DelCaptureSession: startCapture()...
01-17 23:22:22.051 13603 14082 V IMU     : dt=0.022s accel=(0.370 0.000 0.010)m/s^2
01-17 23:22:22.050 13603 14133 V DelCaptureSequence: construct(0x0d8d8163)
01-17 23:22:22.053 13603 14133 D UsbResiliantWebcam|DelCaptureSequence: onCameraChange(null->CameraImpl(UvcDeviceHandle(pointer=0xb1a2dba0|UvcDevice(/dev/bus/usb/001/005))))...
01-17 23:22:22.053 13603 14133 D UsbResiliantWebcam|DelCaptureSequence: pauseStreaming(Stopped)...
01-17 23:22:22.053 13603 14133 D UsbResiliantWebcam|DelCaptureSequence: ...pauseStreaming(Stopped)
01-17 23:22:22.054 13603 14133 D UsbResiliantWebcam|DelCaptureSequence: resumeStreaming(Stopped)...
01-17 23:22:22.054 13603 14133 D UsbResiliantWebcam|DelCaptureSequence: ...resumeStreaming(Stopped)
01-17 23:22:22.054 13603 14133 D UsbResiliantWebcam|DelCaptureSequence: ...onCameraChange(null->CameraImpl(UvcDeviceHandle(pointer=0xb1a2dba0|UvcDevice(/dev/bus/usb/001/005))))
01-17 23:22:22.054 13603 14133 D UsbResiliantWebcam|DelCaptureSequence: startStreaming(Stopped)...
01-17 23:22:22.061 13603 14133 D UsbResiliantWebcam|DelCaptureSequence: doStreaming()...
01-17 23:22:22.061 13603 14133 V UvcApiCaptureSession: construct(0x083e7160)
01-17 23:22:22.062 13603 14132 D UsbResiliantWebcam|DelCaptureSession: camera session is configured: Webcam(781AEFD0)
01-17 23:22:22.062 13603 14133 V UvcApiCameraCaptureSequence: construct(0x0961b619)
01-17 23:22:22.067 13603 14082 V IMU     : dt=0.016s accel=(0.370 -0.020 0.000)m/s^2
01-17 23:22:22.068 13603 14133 D UvcDeviceHandle: getStreamControl(800x448 30)...
01-17 23:22:22.068 13603 14133 V UvcStreamCtrl: construct(0x046c56de)
01-17 23:22:22.069 13603 14133 D Uvc     : [jni_devicehandle.cpp:115] Java_org_firstinspires_ftc_robotcore_internal_camera_libuvc_nativeobject_UvcDeviceHandle_nativeGetStreamControlFormatSize()...
01-17 23:22:22.069 13603 14133 V Uvc     : API: Java_org_firstinspires_ftc_robotcore_internal_camera_libuvc_nativeobject_UvcDeviceHandle_nativeGetStreamControlFormatSize: enter...
01-17 23:22:22.069 13603 14133 D Uvc     : [stream.cpp:375] uvc_get_stream_ctrl_format_size()...
01-17 23:22:22.069 13603 14133 D Uvc     : [libuvc/libuvc_internal.h:773] uvc_device_handle::claimInterface(idx=3)...
01-17 23:22:22.069 13603 14133 D UvcDevice: claimInterface(3)
01-17 23:22:22.069 13603 14133 D UvcDevice: claimInterface(3) succeeded
01-17 23:22:22.069 13603 14133 D Uvc     : [libuvc/libuvc_internal.h:786] claimInterface(3) succeeded
01-17 23:22:22.069 13603 14133 D Uvc     : [libuvc/libuvc_internal.h:773] ...uvc_device_handle::claimInterface() rc=0
01-17 23:22:22.069 13603 14133 D UvcStream: [stream.cpp:414] 800x448 30fps
01-17 23:22:22.069 13603 14133 D Uvc     : [stream.cpp:164] uvc_query_stream_ctrl()...
01-17 23:22:22.076 13603 14133 D Uvc     : [stream.cpp:164] ...uvc_query_stream_ctrl() rc=0
01-17 23:22:22.076 13603 14133 D Uvc     : [libuvc/libuvc_internal.h:796] uvc_device_handle::releaseInterface()...
01-17 23:22:22.077 13603 14133 D UvcDevice: releaseInterface(1)
01-17 23:22:22.077 13603 14133 E UvcDevice: releaseInterface(1) failed
01-17 23:22:22.077 13603 14133 D Uvc     : [libuvc/libuvc_internal.h:796] ...uvc_device_handle::releaseInterface() rc=-1
01-17 23:22:22.077 13603 14133 D Uvc     : [stream.cpp:484] uvc_probe_stream_ctrl()...
01-17 23:22:22.077 13603 14133 D Uvc     : [libuvc/libuvc_internal.h:773] uvc_device_handle::claimInterface(idx=3)...
01-17 23:22:22.077 13603 14133 D UvcDevice: claimInterface(3)
01-17 23:22:22.078 13603 14133 D UvcDevice: claimInterface(3) succeeded
01-17 23:22:22.078 13603 14133 D Uvc     : [libuvc/libuvc_internal.h:786] claimInterface(3) succeeded
01-17 23:22:22.078 13603 14133 D Uvc     : [libuvc/libuvc_internal.h:773] ...uvc_device_handle::claimInterface() rc=0
01-17 23:22:22.078 13603 14133 D Uvc     : [stream.cpp:164] uvc_query_stream_ctrl()...
01-17 23:22:22.082 13603 14133 D Uvc     : [stream.cpp:164] ...uvc_query_stream_ctrl() rc=0
01-17 23:22:22.082 13603 14133 D Uvc     : [stream.cpp:164] uvc_query_stream_ctrl()...
01-17 23:22:22.083 13603 14082 V IMU     : dt=0.016s accel=(0.360 -0.030 0.020)m/s^2
01-17 23:22:22.086 13603 14133 D Uvc     : [stream.cpp:164] ...uvc_query_stream_ctrl() rc=0
01-17 23:22:22.086 13603 14133 D Uvc     : [stream.cpp:484] ...uvc_probe_stream_ctrl() rc=0
01-17 23:22:22.086 13603 14133 D Uvc     : [stream.cpp:375] ...uvc_get_stream_ctrl_format_size() rc=0
01-17 23:22:22.086 13603 14133 V Uvc     : API: Java_org_firstinspires_ftc_robotcore_internal_camera_libuvc_nativeobject_UvcDeviceHandle_nativeGetStreamControlFormatSize: ...exit
01-17 23:22:22.086 13603 14133 D Uvc     : [jni_devicehandle.cpp:115] ...Java_org_firstinspires_ftc_robotcore_internal_camera_libuvc_nativeobject_UvcDeviceHandle_nativeGetStreamControlFormatSize()
01-17 23:22:22.086 13603 14133 D UvcDeviceHandle: ...getStreamControl(800x448 30)
01-17 23:22:22.086 13603 14133 D Uvc     : [jni_streamcontrol.cpp:101] Java_org_firstinspires_ftc_robotcore_internal_camera_libuvc_nativeobject_UvcStreamCtrl_nativeOpen()...
01-17 23:22:22.086 13603 14133 V Uvc     : API: Java_org_firstinspires_ftc_robotcore_internal_camera_libuvc_nativeobject_UvcStreamCtrl_nativeOpen: enter...
01-17 23:22:22.086 13603 14133 D Uvc     : [devicehandle.cpp:46] uvc_device_handle::openStreamControl()...
01-17 23:22:22.086 13603 14133 D Uvc     : [streamhandle.cpp:58] uvc_stream_handle::claimInterface()...
01-17 23:22:22.086 13603 14133 D Uvc     : [libuvc/libuvc_internal.h:773] uvc_device_handle::claimInterface(idx=3)...
01-17 23:22:22.086 13603 14133 D UvcDevice: claimInterface(3)
01-17 23:22:22.086 13603 14133 D UvcDevice: claimInterface(3) succeeded
01-17 23:22:22.086 13603 14133 D Uvc     : [libuvc/libuvc_internal.h:786] claimInterface(3) succeeded
01-17 23:22:22.086 13603 14133 D Uvc     : [libuvc/libuvc_internal.h:773] ...uvc_device_handle::claimInterface() rc=0
01-17 23:22:22.087 13603 14133 D Uvc     : [streamhandle.cpp:58] ...uvc_stream_handle::claimInterface() rc=0
01-17 23:22:22.087 13603 14133 D Uvc     : [stream.cpp:164] uvc_query_stream_ctrl()...
01-17 23:22:22.091 13603 14133 D Uvc     : [stream.cpp:164] ...uvc_query_stream_ctrl() rc=0
01-17 23:22:22.091 13603 14133 D Uvc     : [devicehandle.cpp:46] ...uvc_device_handle::openStreamControl() rc=0
01-17 23:22:22.091 13603 14133 V Uvc     : API: Java_org_firstinspires_ftc_robotcore_internal_camera_libuvc_nativeobject_UvcStreamCtrl_nativeOpen: ...exit
01-17 23:22:22.091 13603 14133 D Uvc     : [jni_streamcontrol.cpp:101] ...Java_org_firstinspires_ftc_robotcore_internal_camera_libuvc_nativeobject_UvcStreamCtrl_nativeOpen()
01-17 23:22:22.091 13603 14133 V UvcStreamHandle: construct(pointer=0xa99ccfe0)
01-17 23:22:22.091 13603 14133 D Uvc     : [jni_streamhandle.cpp:184] Java_org_firstinspires_ftc_robotcore_internal_camera_libuvc_nativeobject_UvcStreamHandle_nativeStopStreaming()...
01-17 23:22:22.091 13603 14133 V Uvc     : API: Java_org_firstinspires_ftc_robotcore_internal_camera_libuvc_nativeobject_UvcStreamHandle_nativeStopStreaming: enter...
01-17 23:22:22.091 13603 14133 D Uvc     : [stream.cpp:1467] uvc_stream_stop()...
01-17 23:22:22.091 13603 14133 D Uvc     : [stream.cpp:1467] ...uvc_stream_stop() rc=0
01-17 23:22:22.091 13603 14133 V Uvc     : API: Java_org_firstinspires_ftc_robotcore_internal_camera_libuvc_nativeobject_UvcStreamHandle_nativeStopStreaming: ...exit
01-17 23:22:22.091 13603 14133 D Uvc     : [jni_streamhandle.cpp:184] ...Java_org_firstinspires_ftc_robotcore_internal_camera_libuvc_nativeobject_UvcStreamHandle_nativeStopStreaming()
01-17 23:22:22.092 13603 14133 V UvcFrameCallback: construct(0x024cd0bf)
01-17 23:22:22.093 13603 14133 V UvcFrameCallbackData: construct(pointer=0x84094f10)
01-17 23:22:22.093 13603 14133 V Uvc     : API: Java_org_firstinspires_ftc_robotcore_internal_camera_libuvc_nativeobject_UvcStreamHandle_nativeStartStreaming: enter...
01-17 23:22:22.093 13603 14133 D Uvc     : [stream.cpp:931] uvc_stream_start_bandwidth()...
01-17 23:22:22.093 13603 14133 D Uvc     : [stream.cpp:1126] uvc_stream_handle::startIsochronousStreaming()...
01-17 23:22:22.093 13603 14133 D Uvc     : [libuvc/libuvc_internal.h:828] uvc_device_handle::setInterfaceAltSetting(setInterfaceAltSetting(intf=3 alt=11))...
01-17 23:22:22.093 13603 14133 D UvcDevice: setInterfaceAltSetting(3,11)
01-17 23:22:22.099 13603 14082 V IMU     : dt=0.016s accel=(0.370 0.000 0.000)m/s^2
01-17 23:22:22.102 13603 14133 D UvcDevice: setInterfaceAltSetting(3,11) succeeded
01-17 23:22:22.103 13603 14133 D Uvc     : [libuvc/libuvc_internal.h:828] ...uvc_device_handle::setInterfaceAltSetting() rc=0
01-17 23:22:22.103 13603 14133 D Uvc     : [stream.cpp:1126] ...uvc_stream_handle::startIsochronousStreaming() rc=0
01-17 23:22:22.104 13603 14133 D Uvc     : [stream.cpp:1154] uvc_stream_handle::startUserCallbackThread()...
01-17 23:22:22.118 13603 14134 D UvcStream: [stream.cpp:1218] User Callback thread started
01-17 23:22:22.118 13603 14133 D Uvc     : [stream.cpp:1154] ...uvc_stream_handle::startUserCallbackThread() rc=0
01-17 23:22:22.118 13603 14133 D Uvc     : [stream.cpp:1174] uvc_stream_handle::submitTransfers()...
01-17 23:22:22.119 13603 14082 V IMU     : dt=0.017s accel=(0.360 -0.010 0.040)m/s^2
01-17 23:22:22.130 13603 13775 D UvcStream: [stream.cpp:690] this is the UVC processTransfer() stream processing thread
01-17 23:22:22.131 13603 14133 D Uvc     : [stream.cpp:1174] ...uvc_stream_handle::submitTransfers() rc=0
01-17 23:22:22.131 13603 14133 D Uvc     : [stream.cpp:931] ...uvc_stream_start_bandwidth() rc=0
01-17 23:22:22.131 13603 14133 D UvcStreamHandle: [jni_streamhandle.cpp:150] successfully started streaming
01-17 23:22:22.131 13603 14133 V Uvc     : API: Java_org_firstinspires_ftc_robotcore_internal_camera_libuvc_nativeobject_UvcStreamHandle_nativeStartStreaming: ...exit
01-17 23:22:22.131 13603 14133 V UvcStreamCtrl: destroy(pointer=0x8657eb40)
01-17 23:22:22.132 13603 14133 D UsbResiliantWebcam|DelCaptureSequence: ...doStreaming()
01-17 23:22:22.132 13603 14133 D UsbResiliantWebcam|DelCaptureSequence: ...startStreaming(Stopped)
01-17 23:22:22.132 13603 14133 D UsbResiliantWebcam|DelCaptureSession: ...startCapture()
01-17 23:22:22.132 13603 14082 V IMU     : dt=0.016s accel=(0.360 0.000 0.000)m/s^2
01-17 23:22:22.132 13603 14133 D ContinuationSynchronizer: finish("onConfigured": DelegatingCaptureSession(1))...
01-17 23:22:22.136 13603 14083 D ContinuationSynchronizer: ...awaiting(camera start)
01-17 23:22:22.136 13603 14083 D VuforiaWebcam: ...start(CameraMode(format=YUYV:1 w=800 h=448 fps=30))
01-17 23:22:22.136 13603 14083 D VuforiaWebcam: ...nativeCallbackStart()
01-17 23:22:22.136 13603 14083 D Uvc     : [NativeVuforiaWebcam.h:322] ...NativeVuforiaWebcam::start()
01-17 23:22:22.141 13603 14083 D Uvc     : [NativeVuforiaWebcam.h:568] NativeVuforiaWebcam::setFocusMode()...
01-17 23:22:22.142 13603 14083 D UvcApiFocusControl: setMode(ContinuousAuto)...
01-17 23:22:22.142 13603 14133 D ContinuationSynchronizer: ...finish("onConfigured": DelegatingCaptureSession(1))
01-17 23:22:22.149 13603 14082 V IMU     : dt=0.017s accel=(0.360 0.000 0.000)m/s^2
01-17 23:22:22.171 13603 14082 V IMU     : dt=0.018s accel=(0.350 -0.010 0.010)m/s^2
01-17 23:22:22.182 13603 14082 V IMU     : dt=0.015s accel=(0.360 0.000 0.000)m/s^2
01-17 23:22:22.197 13603 14082 V IMU     : dt=0.015s accel=(0.360 -0.010 0.000)m/s^2
01-17 23:22:22.213 13603 14082 V IMU     : dt=0.016s accel=(0.350 0.000 0.000)m/s^2
01-17 23:22:22.230 13603 14082 V IMU     : dt=0.017s accel=(0.370 -0.010 -0.010)m/s^2
01-17 23:22:22.245 13603 14082 V IMU     : dt=0.015s accel=(0.380 -0.010 -0.010)m/s^2
01-17 23:22:22.257 13603 14083 D UvcApiFocusControl: ...setMode(ContinuousAuto): true
01-17 23:22:22.257 13603 14083 D Uvc     : [NativeVuforiaWebcam.h:568] ...NativeVuforiaWebcam::setFocusMode()
01-17 23:22:22.261 13603 14082 V IMU     : dt=0.016s accel=(0.370 0.000 0.010)m/s^2
01-17 23:22:22.266 13603 14083 D Uvc     : [NativeVuforiaWebcam.h:568] NativeVuforiaWebcam::setFocusMode()...
01-17 23:22:22.266 13603 14083 D UvcApiFocusControl: setMode(ContinuousAuto)...
01-17 23:22:22.268 13603 14083 D UvcApiFocusControl: ...setMode(ContinuousAuto): true
01-17 23:22:22.268 13603 14083 D Uvc     : [NativeVuforiaWebcam.h:568] ...NativeVuforiaWebcam::setFocusMode()
01-17 23:22:22.270 13603 14083 E Vuforia : enableConvertFrameToBitmap(): internal error: setFrameFormat(8) failed
01-17 23:22:22.276 13603 14082 V IMU     : dt=0.015s accel=(0.350 0.000 0.000)m/s^2
01-17 23:22:22.296 13603 14082 V IMU     : dt=0.019s accel=(0.340 0.000 -0.010)m/s^2
01-17 23:22:22.305 13603 13711 V Robocol : sending CMD_STREAM_CHANGE(65337), attempt: 0
01-17 23:22:22.312 13603 14082 V IMU     : dt=0.016s accel=(0.360 0.000 0.000)m/s^2
01-17 23:22:22.327 13603 14082 V IMU     : dt=0.016s accel=(0.360 0.000 0.010)m/s^2
01-17 23:22:22.343 13603 14082 V IMU     : dt=0.016s accel=(0.350 0.000 0.010)m/s^2
01-17 23:22:22.359 13603 14082 V IMU     : dt=0.016s accel=(0.360 0.000 -0.020)m/s^2
01-17 23:22:22.374 13603 14082 V IMU     : dt=0.015s accel=(0.360 0.000 0.000)m/s^2
01-17 23:22:22.390 13603 14082 V IMU     : dt=0.016s accel=(0.360 0.000 0.000)m/s^2
01-17 23:22:22.400 13603 14134 D CameraCalibrationManager: CameraCalibration(VendorProductCalibrationIdentity(vid=0x046d,pid=0x082c) 800x448)=null
01-17 23:22:22.401 13603 14134 D CameraCalibrationManager: getCameraCalibration(): CameraCalibration(VendorProductCalibrationIdentity(vid=0x046d,pid=0x082c) 800x448 f=0.000,0.000)
01-17 23:22:22.408 13603 14082 V IMU     : dt=0.018s accel=(0.330 -0.020 0.010)m/s^2
01-17 23:22:22.425 13603 14082 V IMU     : dt=0.017s accel=(0.380 -0.020 0.000)m/s^2
01-17 23:22:22.443 13603 14082 V IMU     : dt=0.017s accel=(0.370 0.000 0.000)m/s^2
01-17 23:22:22.465 13603 13711 V Robocol : sending CMD_STREAM_CHANGE(65341), attempt: 0
01-17 23:22:22.468 13603 14082 V IMU     : dt=0.012s accel=(0.370 0.000 0.000)m/s^2
01-17 23:22:22.500 13603 14082 V IMU     : dt=0.042s accel=(0.360 0.000 -0.010)m/s^2
01-17 23:22:22.516 13603 14082 V IMU     : dt=0.018s accel=(0.350 0.000 0.000)m/s^2
01-17 23:22:22.537 13603 14082 V IMU     : dt=0.022s accel=(0.380 -0.020 0.000)m/s^2
01-17 23:22:22.552 13603 14082 V IMU     : dt=0.016s accel=(0.360 -0.020 0.000)m/s^2
01-17 23:22:22.570 13603 14082 V IMU     : dt=0.018s accel=(0.380 -0.010 -0.020)m/s^2
01-17 23:22:22.588 13603 14082 V IMU     : dt=0.018s accel=(0.370 -0.010 0.000)m/s^2
01-17 23:22:22.604 13603 14082 V IMU     : dt=0.016s accel=(0.360 -0.010 0.000)m/s^2
01-17 23:22:22.625 13603 14082 V IMU     : dt=0.018s accel=(0.370 -0.010 0.000)m/s^2
01-17 23:22:22.638 13603 14082 V IMU     : dt=0.016s accel=(0.370 -0.010 0.010)m/s^2
01-17 23:22:22.654 13603 14082 V IMU     : dt=0.016s accel=(0.370 -0.010 -0.040)m/s^2
01-17 23:22:22.673 13603 14082 V IMU     : dt=0.017s accel=(0.360 -0.010 0.000)m/s^2
01-17 23:22:22.687 13603 14082 V IMU     : dt=0.016s accel=(0.340 0.000 0.000)m/s^2
01-17 23:22:22.707 13603 14082 V IMU     : dt=0.019s accel=(0.380 0.000 0.040)m/s^2
01-17 23:22:22.722 13603 14082 V IMU     : dt=0.016s accel=(0.370 -0.030 0.000)m/s^2
01-17 23:22:22.742 13603 14082 V IMU     : dt=0.019s accel=(0.370 -0.020 0.020)m/s^2
01-17 23:22:22.759 13603 14082 V IMU     : dt=0.015s accel=(0.380 -0.010 0.000)m/s^2
01-17 23:22:22.771 13603 14082 V IMU     : dt=0.015s accel=(0.370 0.010 0.020)m/s^2
01-17 23:22:22.790 13603 14082 V IMU     : dt=0.019s accel=(0.390 0.010 0.000)m/s^2
01-17 23:22:22.807 13603 14082 V IMU     : dt=0.017s accel=(0.360 0.000 0.010)m/s^2
01-17 23:22:22.826 13603 14082 V IMU     : dt=0.018s accel=(0.360 0.000 0.000)m/s^2
01-17 23:22:22.840 13603 14082 V IMU     : dt=0.015s accel=(0.360 0.000 0.010)m/s^2
01-17 23:22:22.856 13603 14082 V IMU     : dt=0.015s accel=(0.390 0.000 0.000)m/s^2
01-17 23:22:22.878 13603 14082 V IMU     : dt=0.023s accel=(0.360 0.000 0.000)m/s^2
01-17 23:22:22.898 13603 14082 V IMU     : dt=0.019s accel=(0.350 0.000 -0.010)m/s^2
01-17 23:22:22.914 13603 14082 V IMU     : dt=0.017s accel=(0.380 0.000 -0.020)m/s^2
01-17 23:22:22.929 13603 14082 V IMU     : dt=0.015s accel=(0.380 -0.010 0.000)m/s^2
01-17 23:22:22.955 13603 14082 V IMU     : dt=0.024s accel=(0.360 -0.020 0.000)m/s^2
01-17 23:22:22.974 13603 14082 V IMU     : dt=0.020s accel=(0.360 0.010 0.000)m/s^2
01-17 23:22:22.993 13603 14082 V IMU     : dt=0.020s accel=(0.370 -0.010 0.020)m/s^2
01-17 23:22:23.009 13603 14082 V IMU     : dt=0.016s accel=(0.360 -0.010 0.000)m/s^2
01-17 23:22:23.031 13603 14082 V IMU     : dt=0.020s accel=(0.360 0.000 0.010)m/s^2
01-17 23:22:23.048 13603 14082 V IMU     : dt=0.018s accel=(0.370 -0.020 0.000)m/s^2
01-17 23:22:23.071 13603 14082 V IMU     : dt=0.023s accel=(0.380 0.000 0.020)m/s^2
01-17 23:22:23.087 13603 14082 V IMU     : dt=0.015s accel=(0.360 -0.010 0.000)m/s^2
01-17 23:22:23.106 13603 14082 V IMU     : dt=0.021s accel=(0.360 0.000 0.010)m/s^2
01-17 23:22:23.123 13603 14082 V IMU     : dt=0.016s accel=(0.360 0.010 0.010)m/s^2
01-17 23:22:23.146 13603 14082 V IMU     : dt=0.018s accel=(0.380 0.000 -0.010)m/s^2
01-17 23:22:23.172 13603 14082 V IMU     : dt=0.031s accel=(0.360 -0.020 0.020)m/s^2
01-17 23:22:23.188 13603 14082 V IMU     : dt=0.015s accel=(0.360 -0.010 0.010)m/s^2
01-17 23:22:23.209 13603 14082 V IMU     : dt=0.021s accel=(0.360 0.000 0.020)m/s^2
01-17 23:22:23.226 13603 14082 V IMU     : dt=0.019s accel=(0.380 0.000 0.000)m/s^2
01-17 23:22:23.240 13603 14082 V IMU     : dt=0.014s accel=(0.370 0.000 0.000)m/s^2
01-17 23:22:23.258 13603 14082 V IMU     : dt=0.017s accel=(0.370 0.000 0.010)m/s^2
01-17 23:22:23.275 13603 14082 V IMU     : dt=0.017s accel=(0.390 0.000 0.000)m/s^2
01-17 23:22:23.290 13603 14082 V IMU     : dt=0.016s accel=(0.360 -0.010 0.000)m/s^2
01-17 23:22:23.307 13603 14082 V IMU     : dt=0.016s accel=(0.360 0.010 0.000)m/s^2
01-17 23:22:23.324 13603 14082 V IMU     : dt=0.017s accel=(0.360 0.020 0.000)m/s^2
01-17 23:22:23.339 13603 14082 V IMU     : dt=0.015s accel=(0.380 0.000 0.000)m/s^2
01-17 23:22:23.355 13603 14082 V IMU     : dt=0.015s accel=(0.360 -0.010 0.000)m/s^2
01-17 23:22:23.378 13603 14082 V IMU     : dt=0.025s accel=(0.350 0.000 0.000)m/s^2
01-17 23:22:23.397 13603 14082 V IMU     : dt=0.018s accel=(0.360 -0.010 0.000)m/s^2
01-17 23:22:23.426 13603 14082 V IMU     : dt=0.025s accel=(0.360 -0.010 0.000)m/s^2
01-17 23:22:23.443 13603 14026 I zygote  : IncrementDisableThreadFlip blocked for 5.281ms
01-17 23:22:23.444 13603 14082 I zygote  : IncrementDisableThreadFlip blocked for 7.677ms
01-17 23:22:23.444 13603 14031 I zygote  : IncrementDisableThreadFlip blocked for 8.024ms
01-17 23:22:23.462 13603 14082 V IMU     : dt=0.040s accel=(0.370 0.000 -0.010)m/s^2
01-17 23:22:23.480 13603 14082 V IMU     : dt=0.018s accel=(0.370 -0.010 0.000)m/s^2
01-17 23:22:23.514 13603 14082 V IMU     : dt=0.034s accel=(0.370 -0.030 0.000)m/s^2
01-17 23:22:23.532 13603 14082 V IMU     : dt=0.018s accel=(0.350 -0.010 0.000)m/s^2
01-17 23:22:23.563 13603 14082 V IMU     : dt=0.031s accel=(0.350 0.000 0.000)m/s^2
01-17 23:22:23.635 13603 14082 V IMU     : dt=0.056s accel=(0.370 0.000 0.000)m/s^2
01-17 23:22:23.665 13603 14082 V IMU     : dt=0.045s accel=(0.370 -0.010 0.000)m/s^2
01-17 23:22:23.732 13603 14082 V IMU     : dt=0.065s accel=(0.370 0.000 0.010)m/s^2
01-17 23:22:23.752 13603 14082 V IMU     : dt=0.022s accel=(0.370 0.000 0.010)m/s^2
01-17 23:22:23.776 13603 14082 V IMU     : dt=0.025s accel=(0.350 -0.010 -0.010)m/s^2
01-17 23:22:23.810 13603 14082 V IMU     : dt=0.033s accel=(0.360 0.000 0.000)m/s^2
01-17 23:22:23.830 13603 14082 V IMU     : dt=0.021s accel=(0.370 0.000 0.010)m/s^2
01-17 23:22:23.856 13603 14082 V IMU     : dt=0.017s accel=(0.370 -0.010 -0.010)m/s^2
01-17 23:22:23.873 13603 14082 V IMU     : dt=0.026s accel=(0.360 0.000 0.000)m/s^2
01-17 23:22:23.898 13603 14082 V IMU     : dt=0.022s accel=(0.360 0.010 -0.020)m/s^2
01-17 23:22:23.910 13603 14082 V IMU     : dt=0.015s accel=(0.360 -0.010 0.000)m/s^2
01-17 23:22:23.926 13603 14082 V IMU     : dt=0.016s accel=(0.380 0.000 0.020)m/s^2
01-17 23:22:23.954 13603 14082 V IMU     : dt=0.024s accel=(0.360 0.000 0.020)m/s^2
01-17 23:22:23.973 13603 14082 V IMU     : dt=0.018s accel=(0.370 0.000 -0.020)m/s^2
01-17 23:22:23.991 13603 14082 V IMU     : dt=0.024s accel=(0.360 0.000 0.010)m/s^2
01-17 23:22:24.009 13603 14082 V IMU     : dt=0.018s accel=(0.370 -0.030 0.000)m/s^2
01-17 23:22:24.033 13603 14082 V IMU     : dt=0.019s accel=(0.360 0.000 0.010)m/s^2
01-17 23:22:24.047 13603 14082 V IMU     : dt=0.019s accel=(0.360 0.000 0.010)m/s^2
01-17 23:22:24.086 13603 14082 V IMU     : dt=0.020s accel=(0.380 -0.020 0.010)m/s^2
01-17 23:22:24.102 13603 13775 D Uvc     : [device.cpp:1756] uvc_process_streaming_status()...
01-17 23:22:24.103 13603 13775 D Uvc     : [device.cpp:1788] strm status org=1 error event=0x07 value=0x81 len=4.
01-17 23:22:24.103 13603 13775 D Uvc     : [device.cpp:1756] ...uvc_process_streaming_status()
01-17 23:22:24.105 13603 14082 V IMU     : dt=0.038s accel=(0.360 0.000 0.000)m/s^2
01-17 23:22:24.131 13603 14082 V IMU     : dt=0.026s accel=(0.360 0.000 0.000)m/s^2
01-17 23:22:24.150 13603 14082 V IMU     : dt=0.019s accel=(0.380 0.000 0.000)m/s^2
01-17 23:22:24.188 13603 14082 V IMU     : dt=0.020s accel=(0.360 -0.020 0.000)m/s^2
01-17 23:22:24.196 13603 13615 I zygote  : NativeAlloc concurrent copying GC freed 336773(11MB) AllocSpace objects, 15(9MB) LOS objects, 49% free, 12MB/25MB, paused 4.914ms total 786.150ms
01-17 23:22:24.220 13603 14082 V IMU     : dt=0.043s accel=(0.370 -0.010 0.030)m/s^2
01-17 23:22:24.237 13603 14082 V IMU     : dt=0.022s accel=(0.370 -0.020 0.000)m/s^2
01-17 23:22:24.251 13603 14082 V IMU     : dt=0.015s accel=(0.360 0.000 0.010)m/s^2
01-17 23:22:24.268 13603 14082 V IMU     : dt=0.017s accel=(0.370 -0.010 -0.010)m/s^2
01-17 23:22:24.282 13603 14082 V IMU     : dt=0.015s accel=(0.370 0.000 0.000)m/s^2
01-17 23:22:24.294 13603 13775 D Uvc     : [device.cpp:1756] uvc_process_streaming_status()...
01-17 23:22:24.294 13603 13775 D Uvc     : [device.cpp:1788] strm status org=1 error event=0x07 value=0x82 len=4.
01-17 23:22:24.294 13603 13775 D Uvc     : [device.cpp:1756] ...uvc_process_streaming_status()
01-17 23:22:24.302 13603 14082 V IMU     : dt=0.019s accel=(0.360 0.000 0.000)m/s^2
01-17 23:22:24.323 13603 14082 V IMU     : dt=0.019s accel=(0.370 -0.010 0.000)m/s^2
01-17 23:22:24.337 13603 14082 V IMU     : dt=0.016s accel=(0.350 -0.010 0.000)m/s^2
01-17 23:22:24.352 13603 14082 V IMU     : dt=0.015s accel=(0.370 0.000 -0.010)m/s^2
01-17 23:22:24.369 13603 14082 V IMU     : dt=0.017s accel=(0.340 -0.010 0.000)m/s^2
01-17 23:22:24.388 13603 14082 V IMU     : dt=0.018s accel=(0.380 0.010 0.020)m/s^2
01-17 23:22:24.402 13603 14082 V IMU     : dt=0.015s accel=(0.380 0.000 0.020)m/s^2
01-17 23:22:24.418 13603 14082 V IMU     : dt=0.016s accel=(0.380 -0.020 0.000)m/s^2
01-17 23:22:24.432 13603 14082 V IMU     : dt=0.013s accel=(0.360 -0.020 -0.010)m/s^2
01-17 23:22:24.447 13603 14082 V IMU     : dt=0.016s accel=(0.380 -0.010 0.010)m/s^2
01-17 23:22:24.466 13603 14082 V IMU     : dt=0.019s accel=(0.370 0.000 0.000)m/s^2
01-17 23:22:24.486 13603 14082 V IMU     : dt=0.020s accel=(0.360 -0.020 0.000)m/s^2
01-17 23:22:24.502 13603 14082 V IMU     : dt=0.016s accel=(0.340 -0.030 0.000)m/s^2
01-17 23:22:24.503 13603 13775 D Uvc     : [device.cpp:1756] uvc_process_streaming_status()...
01-17 23:22:24.503 13603 13775 D Uvc     : [device.cpp:1788] strm status org=1 error event=0x07 value=0x83 len=4.
01-17 23:22:24.503 13603 13775 D Uvc     : [device.cpp:1756] ...uvc_process_streaming_status()
01-17 23:22:24.522 13603 14082 V IMU     : dt=0.020s accel=(0.350 0.000 0.000)m/s^2
01-17 23:22:24.538 13603 14082 V IMU     : dt=0.016s accel=(0.360 -0.020 0.000)m/s^2
01-17 23:22:24.557 13603 14082 V IMU     : dt=0.019s accel=(0.360 -0.030 0.000)m/s^2
01-17 23:22:24.573 13603 14082 V IMU     : dt=0.016s accel=(0.360 0.000 0.000)m/s^2
01-17 23:22:24.592 13603 14082 V IMU     : dt=0.019s accel=(0.460 0.010 -0.070)m/s^2
01-17 23:22:24.609 13603 14082 V IMU     : dt=0.017s accel=(0.480 0.000 -0.240)m/s^2
01-17 23:22:24.626 13603 14082 V IMU     : dt=0.017s accel=(-0.130 0.000 0.040)m/s^2
01-17 23:22:24.642 13603 14082 V IMU     : dt=0.016s accel=(0.320 0.080 0.930)m/s^2
01-17 23:22:24.660 13603 14082 V IMU     : dt=0.018s accel=(-0.370 -0.430 -0.720)m/s^2
01-17 23:22:24.676 13603 14082 V IMU     : dt=0.017s accel=(1.120 0.150 -0.160)m/s^2
01-17 23:22:24.693 13603 14082 V IMU     : dt=0.017s accel=(-0.400 0.170 0.120)m/s^2
01-17 23:22:24.709 13603 14082 V IMU     : dt=0.016s accel=(0.250 0.090 0.310)m/s^2
01-17 23:22:24.728 13603 14082 V IMU     : dt=0.019s accel=(0.190 -0.200 0.000)m/s^2
01-17 23:22:24.744 13603 14082 V IMU     : dt=0.016s accel=(0.430 0.110 0.050)m/s^2
01-17 23:22:24.762 13603 14082 V IMU     : dt=0.018s accel=(0.330 0.110 -0.020)m/s^2
01-17 23:22:24.786 13603 14082 V IMU     : dt=0.023s accel=(0.330 -0.120 -0.060)m/s^2
01-17 23:22:24.801 13603 14082 V IMU     : dt=0.016s accel=(0.280 -0.070 0.070)m/s^2
01-17 23:22:24.816 13603 14082 V IMU     : dt=0.015s accel=(0.270 0.000 0.080)m/s^2
01-17 23:22:24.835 13603 14082 V IMU     : dt=0.019s accel=(0.410 0.020 -0.080)m/s^2
01-17 23:22:24.850 13603 14082 V IMU     : dt=0.015s accel=(0.330 0.040 0.080)m/s^2
01-17 23:22:24.867 13603 14082 V IMU     : dt=0.017s accel=(0.370 -0.080 0.010)m/s^2
01-17 23:22:24.884 13603 14082 V IMU     : dt=0.017s accel=(0.410 -0.030 -0.020)m/s^2
01-17 23:22:24.900 13603 14082 V IMU     : dt=0.016s accel=(0.350 0.010 -0.030)m/s^2
01-17 23:22:24.919 13603 14082 V IMU     : dt=0.018s accel=(0.410 0.020 -0.020)m/s^2
01-17 23:22:24.934 13603 14082 V IMU     : dt=0.016s accel=(0.390 -0.050 -0.070)m/s^2
01-17 23:22:24.950 13603 14082 V IMU     : dt=0.016s accel=(0.360 -0.010 0.030)m/s^2
01-17 23:22:24.968 13603 14082 V IMU     : dt=0.018s accel=(0.330 0.010 0.030)m/s^2
01-17 23:22:24.988 13603 14082 V IMU     : dt=0.018s accel=(0.380 -0.020 -0.020)m/s^2
01-17 23:22:25.013 13603 14082 V IMU     : dt=0.026s accel=(0.360 -0.010 -0.010)m/s^2
01-17 23:22:25.027 13603 14082 V IMU     : dt=0.015s accel=(0.380 -0.030 -0.020)m/s^2
01-17 23:22:25.045 13603 14082 V IMU     : dt=0.018s accel=(0.400 -0.120 -0.030)m/s^2
01-17 23:22:25.058 13603 14082 V IMU     : dt=0.013s accel=(0.290 0.100 0.070)m/s^2
01-17 23:22:25.074 13603 14082 V IMU     : dt=0.016s accel=(0.360 0.080 -0.020)m/s^2
01-17 23:22:25.090 13603 14082 V IMU     : dt=0.016s accel=(0.400 0.030 -0.030)m/s^2
01-17 23:22:25.104 13603 14082 V IMU     : dt=0.014s accel=(0.330 -0.080 0.000)m/s^2
01-17 23:22:25.124 13603 14082 V IMU     : dt=0.020s accel=(0.330 -0.090 0.040)m/s^2
01-17 23:22:25.140 13603 14082 V IMU     : dt=0.016s accel=(0.390 0.010 -0.030)m/s^2
01-17 23:22:25.156 13603 14082 V IMU     : dt=0.016s accel=(0.390 0.010 -0.060)m/s^2
01-17 23:22:25.172 13603 14082 V IMU     : dt=0.016s accel=(0.360 0.020 0.020)m/s^2
01-17 23:22:25.191 13603 14082 V IMU     : dt=0.019s accel=(0.370 0.000 -0.010)m/s^2
01-17 23:22:25.207 13603 14082 V IMU     : dt=0.016s accel=(0.380 -0.030 -0.010)m/s^2
01-17 23:22:25.224 13603 14082 V IMU     : dt=0.017s accel=(0.360 -0.030 0.030)m/s^2
01-17 23:22:25.242 13603 14082 V IMU     : dt=0.018s accel=(0.380 0.000 -0.010)m/s^2
01-17 23:22:25.259 13603 14082 V IMU     : dt=0.017s accel=(0.350 0.020 -0.020)m/s^2
01-17 23:22:25.276 13603 14082 V IMU     : dt=0.017s accel=(0.390 0.000 0.000)m/s^2
01-17 23:22:25.290 13603 14082 V IMU     : dt=0.014s accel=(0.360 -0.030 -0.030)m/s^2
01-17 23:22:25.308 13603 14082 V IMU     : dt=0.018s accel=(0.370 -0.010 -0.010)m/s^2
01-17 23:22:25.325 13603 14082 V IMU     : dt=0.016s accel=(0.360 -0.010 0.010)m/s^2
01-17 23:22:25.340 13603 14082 V IMU     : dt=0.016s accel=(0.360 0.000 0.000)m/s^2
01-17 23:22:25.356 13603 14082 V IMU     : dt=0.016s accel=(0.360 0.000 -0.020)m/s^2
01-17 23:22:25.373 13603 14082 V IMU     : dt=0.017s accel=(0.370 0.000 0.010)m/s^2
01-17 23:22:25.390 13603 14082 V IMU     : dt=0.017s accel=(0.360 0.000 -0.010)m/s^2
01-17 23:22:25.407 13603 14082 V IMU     : dt=0.016s accel=(0.350 0.000 -0.030)m/s^2
01-17 23:22:25.424 13603 14082 V IMU     : dt=0.015s accel=(0.360 0.000 0.020)m/s^2
01-17 23:22:25.437 13603 14082 V IMU     : dt=0.016s accel=(0.360 0.000 0.000)m/s^2
01-17 23:22:25.459 13603 14082 V IMU     : dt=0.021s accel=(0.350 0.000 -0.010)m/s^2
01-17 23:22:25.478 13603 14082 V IMU     : dt=0.019s accel=(0.360 0.000 -0.010)m/s^2
01-17 23:22:25.502 13603 14082 V IMU     : dt=0.024s accel=(0.360 0.000 -0.010)m/s^2
01-17 23:22:25.519 13603 14082 V IMU     : dt=0.017s accel=(0.360 0.000 0.000)m/s^2
01-17 23:22:25.549 13603 14031 I zygote  : IncrementDisableThreadFlip blocked for 5.418ms
01-17 23:22:25.549 13603 14026 I zygote  : IncrementDisableThreadFlip blocked for 5.800ms
01-17 23:22:25.561 13603 14082 V IMU     : dt=0.042s accel=(0.380 0.000 -0.010)m/s^2
01-17 23:22:25.577 13603 14082 V IMU     : dt=0.016s accel=(0.360 0.000 0.000)m/s^2
01-17 23:22:25.591 13603 14082 V IMU     : dt=0.015s accel=(0.360 0.000 0.000)m/s^2
01-17 23:22:25.608 13603 14082 V IMU     : dt=0.017s accel=(0.350 -0.020 0.000)m/s^2
01-17 23:22:25.623 13603 14082 V IMU     : dt=0.013s accel=(0.360 -0.010 -0.020)m/s^2
01-17 23:22:25.636 13603 14082 V IMU     : dt=0.015s accel=(0.360 -0.020 0.000)m/s^2
01-17 23:22:25.652 13603 14082 V IMU     : dt=0.016s accel=(0.370 0.000 -0.020)m/s^2
01-17 23:22:25.681 13603 14082 V IMU     : dt=0.028s accel=(0.370 0.000 0.000)m/s^2
01-17 23:22:25.696 13603 14082 V IMU     : dt=0.015s accel=(0.370 -0.010 0.000)m/s^2
01-17 23:22:25.716 13603 14082 V IMU     : dt=0.018s accel=(0.360 -0.020 -0.010)m/s^2
01-17 23:22:25.745 13603 14082 V IMU     : dt=0.027s accel=(0.370 0.000 -0.010)m/s^2
01-17 23:22:25.754 13603 14082 V IMU     : dt=0.011s accel=(0.360 -0.010 0.020)m/s^2
01-17 23:22:25.783 13603 14082 V IMU     : dt=0.032s accel=(0.380 0.000 0.000)m/s^2
01-17 23:22:25.808 13603 14082 V IMU     : dt=0.024s accel=(0.360 0.000 -0.030)m/s^2
01-17 23:22:25.834 13603 14082 V IMU     : dt=0.026s accel=(0.360 0.000 0.020)m/s^2
01-17 23:22:25.855 13603 14082 V IMU     : dt=0.021s accel=(0.370 -0.010 -0.010)m/s^2
01-17 23:22:25.873 13603 14082 V IMU     : dt=0.017s accel=(0.380 -0.010 -0.010)m/s^2
01-17 23:22:25.887 13603 14082 V IMU     : dt=0.015s accel=(0.370 -0.020 0.000)m/s^2
01-17 23:22:25.905 13603 14082 V IMU     : dt=0.018s accel=(0.370 0.000 0.000)m/s^2
01-17 23:22:25.920 13603 14082 V IMU     : dt=0.016s accel=(0.380 -0.010 -0.030)m/s^2
01-17 23:22:25.944 13603 14082 V IMU     : dt=0.023s accel=(0.370 0.000 0.000)m/s^2
01-17 23:22:25.990 13603 14082 V IMU     : dt=0.045s accel=(0.350 -0.030 -0.020)m/s^2
01-17 23:22:26.009 13603 14082 V IMU     : dt=0.019s accel=(0.370 -0.010 0.000)m/s^2
01-17 23:22:26.031 13603 14082 V IMU     : dt=0.023s accel=(0.360 0.000 -0.010)m/s^2
01-17 23:22:26.063 13603 14082 V IMU     : dt=0.031s accel=(0.360 0.000 -0.010)m/s^2
01-17 23:22:26.081 13603 14082 V IMU     : dt=0.019s accel=(0.360 0.000 0.000)m/s^2
01-17 23:22:26.105 13603 13615 I zygote  : NativeAlloc concurrent copying GC freed 72524(2MB) AllocSpace objects, 0(0B) LOS objects, 50% free, 12MB/25MB, paused 227us total 572.714ms
01-17 23:22:26.126 13603 14082 V IMU     : dt=0.043s accel=(0.360 -0.010 0.000)m/s^2
01-17 23:22:26.145 13603 14082 V IMU     : dt=0.021s accel=(0.380 0.000 -0.020)m/s^2
01-17 23:22:26.163 13603 14082 V IMU     : dt=0.018s accel=(0.360 -0.010 -0.020)m/s^2
01-17 23:22:26.180 13603 14082 V IMU     : dt=0.018s accel=(0.360 0.000 0.000)m/s^2
01-17 23:22:26.206 13603 14082 V IMU     : dt=0.024s accel=(0.360 0.000 0.000)m/s^2
01-17 23:22:26.220 13603 14082 V IMU     : dt=0.015s accel=(0.360 -0.010 0.010)m/s^2
01-17 23:22:26.237 13603 14082 V IMU     : dt=0.017s accel=(0.370 0.000 -0.020)m/s^2
01-17 23:22:26.253 13603 14082 V IMU     : dt=0.016s accel=(0.360 -0.030 0.000)m/s^2
01-17 23:22:26.275 13603 14082 V IMU     : dt=0.022s accel=(0.360 -0.020 0.000)m/s^2
01-17 23:22:26.294 13603 14082 V IMU     : dt=0.018s accel=(0.360 0.000 -0.020)m/s^2
01-17 23:22:26.310 13603 14082 V IMU     : dt=0.017s accel=(0.360 -0.010 -0.020)m/s^2
01-17 23:22:26.327 13603 14082 V IMU     : dt=0.017s accel=(0.370 -0.010 -0.030)m/s^2
01-17 23:22:26.344 13603 14082 V IMU     : dt=0.017s accel=(0.370 -0.010 0.020)m/s^2
01-17 23:22:26.361 13603 14082 V IMU     : dt=0.017s accel=(0.360 -0.010 0.000)m/s^2
01-17 23:22:26.378 13603 14082 V IMU     : dt=0.017s accel=(0.370 0.000 -0.010)m/s^2
01-17 23:22:26.394 13603 14082 V IMU     : dt=0.016s accel=(0.370 0.000 -0.010)m/s^2
01-17 23:22:26.409 13603 14082 V IMU     : dt=0.016s accel=(0.370 -0.020 -0.010)m/s^2
01-17 23:22:26.426 13603 14082 V IMU     : dt=0.016s accel=(0.360 -0.020 0.000)m/s^2
01-17 23:22:26.442 13603 14082 V IMU     : dt=0.016s accel=(0.360 0.000 0.000)m/s^2
01-17 23:22:26.458 13603 14082 V IMU     : dt=0.016s accel=(0.360 0.000 0.000)m/s^2
01-17 23:22:26.475 13603 14082 V IMU     : dt=0.017s accel=(0.370 0.010 0.000)m/s^2
01-17 23:22:26.491 13603 14082 V IMU     : dt=0.016s accel=(0.370 -0.010 -0.010)m/s^2
01-17 23:22:26.507 13603 14082 V IMU     : dt=0.016s accel=(0.350 0.000 0.000)m/s^2
01-17 23:22:26.525 13603 14082 V IMU     : dt=0.018s accel=(0.360 0.010 0.000)m/s^2
01-17 23:22:26.541 13603 14082 V IMU     : dt=0.016s accel=(0.350 -0.010 -0.020)m/s^2
01-17 23:22:26.561 13603 14082 V IMU     : dt=0.021s accel=(0.380 0.000 -0.010)m/s^2
01-17 23:22:26.578 13603 14082 V IMU     : dt=0.017s accel=(0.370 -0.020 0.020)m/s^2
01-17 23:22:26.597 13603 14082 V IMU     : dt=0.016s accel=(0.370 0.000 0.000)m/s^2
01-17 23:22:26.611 13603 14082 V IMU     : dt=0.016s accel=(0.360 0.000 0.000)m/s^2
01-17 23:22:26.629 13603 14082 V IMU     : dt=0.018s accel=(0.360 0.000 0.000)m/s^2
01-17 23:22:26.643 13603 14082 V IMU     : dt=0.014s accel=(0.360 0.000 0.000)m/s^2
01-17 23:22:26.660 13603 14082 V IMU     : dt=0.016s accel=(0.370 0.000 0.010)m/s^2
01-17 23:22:26.677 13603 14082 V IMU     : dt=0.017s accel=(0.370 -0.010 -0.010)m/s^2
01-17 23:22:26.691 13603 14082 V IMU     : dt=0.015s accel=(0.360 0.000 0.010)m/s^2
01-17 23:22:26.710 13603 14082 V IMU     : dt=0.017s accel=(0.370 -0.020 -0.010)m/s^2
01-17 23:22:26.725 13603 14082 V IMU     : dt=0.016s accel=(0.380 0.000 0.000)m/s^2
01-17 23:22:26.744 13603 14082 V IMU     : dt=0.017s accel=(0.370 0.000 0.000)m/s^2
01-17 23:22:26.756 13603 14082 V IMU     : dt=0.014s accel=(0.370 0.000 0.010)m/s^2
01-17 23:22:26.773 13603 14082 V IMU     : dt=0.017s accel=(0.360 0.000 -0.010)m/s^2
01-17 23:22:26.791 13603 14082 V IMU     : dt=0.019s accel=(0.360 0.000 -0.010)m/s^2
01-17 23:22:26.808 13603 14082 V IMU     : dt=0.016s accel=(0.380 -0.010 0.010)m/s^2
01-17 23:22:26.828 13603 14082 V IMU     : dt=0.021s accel=(0.360 0.000 -0.010)m/s^2
01-17 23:22:26.846 13603 14082 V IMU     : dt=0.018s accel=(0.360 0.000 -0.030)m/s^2
01-17 23:22:26.863 13603 14082 V IMU     : dt=0.017s accel=(0.360 0.000 0.000)m/s^2
01-17 23:22:26.879 13603 14082 V IMU     : dt=0.016s accel=(0.350 0.000 0.000)m/s^2
01-17 23:22:26.898 13603 14082 V IMU     : dt=0.019s accel=(0.360 -0.020 0.000)m/s^2
01-17 23:22:26.916 13603 14082 V IMU     : dt=0.018s accel=(0.370 0.000 0.020)m/s^2
01-17 23:22:26.934 13603 14082 V IMU     : dt=0.018s accel=(0.360 -0.020 -0.010)m/s^2
01-17 23:22:26.954 13603 14082 V IMU     : dt=0.020s accel=(0.360 0.000 0.010)m/s^2
01-17 23:22:26.970 13603 14082 V IMU     : dt=0.016s accel=(0.360 -0.010 0.000)m/s^2
01-17 23:22:26.986 13603 14082 V IMU     : dt=0.016s accel=(0.360 0.000 0.020)m/s^2
01-17 23:22:27.003 13603 14082 V IMU     : dt=0.017s accel=(0.380 0.000 0.010)m/s^2
01-17 23:22:27.020 13603 14082 V IMU     : dt=0.017s accel=(0.370 0.000 0.000)m/s^2
01-17 23:22:27.036 13603 14082 V IMU     : dt=0.016s accel=(0.360 -0.020 0.000)m/s^2
01-17 23:22:27.054 13603 14082 V IMU     : dt=0.018s accel=(0.380 0.000 0.000)m/s^2
01-17 23:22:27.074 13603 14082 V IMU     : dt=0.020s accel=(0.370 0.000 -0.010)m/s^2
01-17 23:22:27.093 13603 14082 V IMU     : dt=0.018s accel=(0.370 -0.010 0.000)m/s^2
01-17 23:22:27.112 13603 14082 V IMU     : dt=0.019s accel=(0.380 -0.020 0.000)m/s^2
01-17 23:22:27.134 13603 14082 V IMU     : dt=0.023s accel=(0.360 -0.020 0.000)m/s^2
