01-17 23:22:27.150 13603 14082 V IMU     : dt=0.016s accel=(0.350 -0.010 0.000)m/s^2
01-17 23:22:27.168 13603 14082 V IMU     : dt=0.018s accel=(0.360 0.010 0.000)m/s^2
01-17 23:22:27.190 13603 14082 V IMU     : dt=0.022s accel=(0.370 -0.010 0.010)m/s^2
01-17 23:22:27.206 13603 14082 V IMU     : dt=0.016s accel=(0.360 0.000 0.010)m/s^2
01-17 23:22:27.224 13603 14082 V IMU     : dt=0.018s accel=(0.360 0.010 0.000)m/s^2
01-17 23:22:27.242 13603 14082 V IMU     : dt=0.018s accel=(0.380 0.000 0.010)m/s^2
01-17 23:22:27.258 13603 14082 V IMU     : dt=0.016s accel=(0.350 0.010 0.010)m/s^2
01-17 23:22:27.276 13603 14082 V IMU     : dt=0.018s accel=(0.360 0.010 0.000)m/s^2
01-17 23:22:27.292 13603 14082 V IMU     : dt=0.017s accel=(0.360 -0.010 0.020)m/s^2
01-17 23:22:27.312 13603 14082 V IMU     : dt=0.019s accel=(0.360 0.010 0.000)m/s^2
01-17 23:22:27.329 13603 14082 V IMU     : dt=0.017s accel=(0.360 0.000 0.000)m/s^2
01-17 23:22:27.344 13603 14082 V IMU     : dt=0.015s accel=(0.370 -0.010 0.010)m/s^2
01-17 23:22:27.358 13603 14082 V IMU     : dt=0.015s accel=(0.360 0.000 0.010)m/s^2
01-17 23:22:27.375 13603 14082 V IMU     : dt=0.017s accel=(0.370 -0.010 0.000)m/s^2
01-17 23:22:27.392 13603 14082 V IMU     : dt=0.017s accel=(0.350 0.000 0.000)m/s^2
01-17 23:22:27.407 13603 14082 V IMU     : dt=0.015s accel=(0.360 -0.010 0.020)m/s^2
01-17 23:22:27.428 13603 14082 V IMU     : dt=0.021s accel=(0.350 0.000 0.020)m/s^2
01-17 23:22:27.446 13603 14082 V IMU     : dt=0.018s accel=(0.360 0.000 0.000)m/s^2
01-17 23:22:27.463 13603 13615 I zygote  : NativeAlloc concurrent copying GC freed 62747(2MB) AllocSpace objects, 0(0B) LOS objects, 49% free, 12MB/24MB, paused 155us total 291.800ms
01-17 23:22:27.464 13603 14082 V IMU     : dt=0.018s accel=(0.370 0.020 0.010)m/s^2
01-17 23:22:27.485 13603 14082 V IMU     : dt=0.020s accel=(0.360 0.000 -0.010)m/s^2
01-17 23:22:27.508 13603 14082 V IMU     : dt=0.023s accel=(0.360 0.000 0.000)m/s^2
01-17 23:22:27.525 13603 14082 V IMU     : dt=0.018s accel=(0.350 0.010 0.000)m/s^2
01-17 23:22:27.543 13603 14082 V IMU     : dt=0.018s accel=(0.350 0.000 0.000)m/s^2
01-17 23:22:27.555 13603 14082 V IMU     : dt=0.012s accel=(0.360 -0.010 0.000)m/s^2
01-17 23:22:27.569 13603 14082 V IMU     : dt=0.014s accel=(0.370 0.010 0.000)m/s^2
01-17 23:22:27.597 13603 14082 V IMU     : dt=0.028s accel=(0.380 -0.010 0.000)m/s^2
01-17 23:22:27.613 13603 14082 V IMU     : dt=0.016s accel=(0.360 -0.010 0.000)m/s^2
01-17 23:22:27.629 13603 14082 V IMU     : dt=0.016s accel=(0.350 -0.010 -0.030)m/s^2
01-17 23:22:27.654 13603 14082 V IMU     : dt=0.025s accel=(0.360 -0.010 0.000)m/s^2
01-17 23:22:27.673 13603 14082 V IMU     : dt=0.018s accel=(0.360 0.000 0.000)m/s^2
01-17 23:22:27.694 13603 14082 V IMU     : dt=0.022s accel=(0.360 0.000 0.000)m/s^2
01-17 23:22:27.700 13603 14137 I native  : Initializing object tracker. 275x154 @0x8169585c
01-17 23:22:27.705 13603 14137 I native  : Initialized!
01-17 23:22:27.714 13603 14082 V IMU     : dt=0.020s accel=(0.350 -0.010 0.010)m/s^2
01-17 23:22:27.730 13603 14082 V IMU     : dt=0.016s accel=(0.360 -0.020 -0.020)m/s^2
01-17 23:22:27.769 13603 14082 V IMU     : dt=0.034s accel=(0.360 0.010 0.020)m/s^2
01-17 23:22:27.785 13603 14082 V IMU     : dt=0.017s accel=(0.370 0.000 -0.010)m/s^2
01-17 23:22:27.825 13603 14082 V IMU     : dt=0.035s accel=(0.350 -0.010 -0.020)m/s^2
01-17 23:22:27.836 13603 14082 V IMU     : dt=0.020s accel=(0.350 -0.030 -0.020)m/s^2
01-17 23:22:27.865 13603 14082 V IMU     : dt=0.018s accel=(0.360 0.000 0.020)m/s^2
01-17 23:22:27.889 13603 14082 V IMU     : dt=0.034s accel=(0.370 0.000 -0.010)m/s^2
01-17 23:22:27.911 13603 14082 V IMU     : dt=0.020s accel=(0.360 -0.010 0.000)m/s^2
01-17 23:22:27.924 13603 14082 V IMU     : dt=0.016s accel=(0.340 -0.010 -0.010)m/s^2
01-17 23:22:27.973 13603 14082 V IMU     : dt=0.049s accel=(0.360 -0.010 -0.020)m/s^2
01-17 23:22:28.011 13603 14082 V IMU     : dt=0.034s accel=(0.360 0.000 0.010)m/s^2
01-17 23:22:28.065 13603 14082 V IMU     : dt=0.058s accel=(0.380 0.000 -0.010)m/s^2
01-17 23:22:28.084 13603 14082 V IMU     : dt=0.018s accel=(0.370 -0.020 0.000)m/s^2
01-17 23:22:28.100 13603 14082 V IMU     : dt=0.016s accel=(0.360 -0.010 0.000)m/s^2
01-17 23:22:28.116 13603 14082 V IMU     : dt=0.017s accel=(0.370 -0.010 0.010)m/s^2
01-17 23:22:28.146 13603 14082 V IMU     : dt=0.028s accel=(0.360 -0.010 0.000)m/s^2
01-17 23:22:28.165 13603 14082 V IMU     : dt=0.020s accel=(0.360 -0.020 0.020)m/s^2
01-17 23:22:28.180 13603 14082 V IMU     : dt=0.015s accel=(0.360 0.010 0.020)m/s^2
01-17 23:22:28.197 13603 14082 V IMU     : dt=0.016s accel=(0.360 0.010 0.000)m/s^2
01-17 23:22:28.210 13603 14082 V IMU     : dt=0.015s accel=(0.360 0.000 -0.010)m/s^2
01-17 23:22:28.230 13603 14082 V IMU     : dt=0.018s accel=(0.360 0.000 -0.020)m/s^2
01-17 23:22:28.246 13603 14082 V IMU     : dt=0.018s accel=(0.360 0.000 -0.020)m/s^2
01-17 23:22:28.262 13603 14082 V IMU     : dt=0.016s accel=(0.380 0.000 0.000)m/s^2
01-17 23:22:28.280 13603 14082 V IMU     : dt=0.018s accel=(0.370 -0.010 0.000)m/s^2
01-17 23:22:28.300 13603 14082 V IMU     : dt=0.018s accel=(0.360 -0.010 -0.010)m/s^2
01-17 23:22:28.330 13603 14082 V IMU     : dt=0.022s accel=(0.370 -0.010 0.010)m/s^2
01-17 23:22:28.345 13603 14082 V IMU     : dt=0.025s accel=(0.360 0.000 0.000)m/s^2
01-17 23:22:28.374 13603 14082 V IMU     : dt=0.029s accel=(0.380 0.000 0.000)m/s^2
01-17 23:22:28.389 13603 14082 V IMU     : dt=0.015s accel=(0.370 -0.010 0.000)m/s^2
01-17 23:22:28.405 13603 14082 V IMU     : dt=0.016s accel=(0.360 -0.020 0.020)m/s^2
01-17 23:22:28.424 13603 14082 V IMU     : dt=0.017s accel=(0.380 0.000 0.000)m/s^2
01-17 23:22:28.444 13603 14082 V IMU     : dt=0.022s accel=(0.360 -0.010 -0.010)m/s^2
01-17 23:22:28.462 13603 14082 V IMU     : dt=0.017s accel=(0.340 0.000 0.000)m/s^2
01-17 23:22:28.474 13603 13615 I zygote  : ThreadFlipBegin blocked for 8.859ms
01-17 23:22:28.476 13603 14031 I zygote  : IncrementDisableThreadFlip blocked for 9.977ms
01-17 23:22:28.476 13603 14082 I zygote  : IncrementDisableThreadFlip blocked for 9.357ms
01-17 23:22:28.502 13603 14082 V IMU     : dt=0.040s accel=(0.350 0.000 -0.010)m/s^2
01-17 23:22:28.527 13603 14082 V IMU     : dt=0.025s accel=(0.370 0.000 -0.030)m/s^2
01-17 23:22:28.553 13603 14082 V IMU     : dt=0.025s accel=(0.360 0.010 -0.020)m/s^2
01-17 23:22:28.571 13603 14082 V IMU     : dt=0.019s accel=(0.380 -0.010 -0.010)m/s^2
01-17 23:22:28.603 13603 14082 V IMU     : dt=0.032s accel=(0.360 0.000 0.000)m/s^2
01-17 23:22:28.622 13603 14082 V IMU     : dt=0.019s accel=(0.360 0.000 0.000)m/s^2
01-17 23:22:28.639 13603 14082 V IMU     : dt=0.018s accel=(0.370 -0.010 -0.030)m/s^2
01-17 23:22:28.659 13603 14082 V IMU     : dt=0.019s accel=(0.390 0.000 -0.010)m/s^2
01-17 23:22:28.677 13603 14082 V IMU     : dt=0.018s accel=(0.350 0.000 -0.010)m/s^2
01-17 23:22:28.700 13603 14082 V IMU     : dt=0.024s accel=(0.360 0.000 0.000)m/s^2
01-17 23:22:28.719 13603 14082 V IMU     : dt=0.018s accel=(0.360 0.000 0.000)m/s^2
01-17 23:22:28.736 13603 14082 V IMU     : dt=0.017s accel=(0.360 -0.010 0.020)m/s^2
01-17 23:22:28.766 13603 14082 V IMU     : dt=0.028s accel=(0.360 0.000 -0.020)m/s^2
01-17 23:22:28.783 13603 14082 V IMU     : dt=0.020s accel=(0.370 0.000 0.010)m/s^2
01-17 23:22:28.801 13603 14082 V IMU     : dt=0.016s accel=(0.370 0.000 0.000)m/s^2
01-17 23:22:28.817 13603 14082 V IMU     : dt=0.017s accel=(0.350 -0.020 0.020)m/s^2
01-17 23:22:28.831 13603 14139 W YuvRgbFrame.8786821990513: RecognizeImageRunnable.postprocessDetections - got a recognition with an invalid / background label
01-17 23:22:28.831 13603 14139 W YuvRgbFrame.8786821990513: RecognizeImageRunnable.postprocessDetections - got a recognition with an invalid / background label
01-17 23:22:28.844 13603 14082 V IMU     : dt=0.027s accel=(0.370 -0.010 0.000)m/s^2
01-17 23:22:28.861 13603 14082 V IMU     : dt=0.017s accel=(0.360 0.000 0.000)m/s^2
01-17 23:22:28.877 13603 14082 V IMU     : dt=0.016s accel=(0.360 0.000 -0.010)m/s^2
01-17 23:22:28.886 13603 14140 W YuvRgbFrame.8786949269588: RecognizeImageRunnable.postprocessDetections - got a recognition with an invalid / background label
01-17 23:22:28.886 13603 14140 W YuvRgbFrame.8786949269588: RecognizeImageRunnable.postprocessDetections - got a recognition with an invalid / background label
01-17 23:22:28.895 13603 14082 V IMU     : dt=0.018s accel=(0.360 0.000 -0.010)m/s^2
01-17 23:22:28.909 13603 14082 V IMU     : dt=0.015s accel=(0.360 -0.010 -0.010)m/s^2
01-17 23:22:28.939 13603 14082 V IMU     : dt=0.029s accel=(0.380 0.010 0.000)m/s^2
01-17 23:22:28.960 13603 14082 V IMU     : dt=0.021s accel=(0.360 0.000 -0.020)m/s^2
01-17 23:22:28.978 13603 14082 V IMU     : dt=0.018s accel=(0.370 -0.020 -0.020)m/s^2
01-17 23:22:28.998 13603 14082 V IMU     : dt=0.016s accel=(0.370 0.000 -0.010)m/s^2
01-17 23:22:29.015 13603 14082 V IMU     : dt=0.021s accel=(0.390 0.000 0.000)m/s^2
01-17 23:22:29.035 13603 14082 V IMU     : dt=0.020s accel=(0.350 0.000 -0.010)m/s^2
01-17 23:22:29.060 13603 14082 V IMU     : dt=0.018s accel=(0.380 -0.010 0.000)m/s^2
01-17 23:22:29.082 13603 14082 V IMU     : dt=0.025s accel=(0.360 0.000 0.010)m/s^2
01-17 23:22:29.091 13603 14082 V IMU     : dt=0.013s accel=(0.350 0.000 0.000)m/s^2
01-17 23:22:29.113 13603 14082 V IMU     : dt=0.022s accel=(0.380 0.010 0.000)m/s^2
01-17 23:22:29.131 13603 14082 V IMU     : dt=0.017s accel=(0.370 -0.010 -0.010)m/s^2
01-17 23:22:29.154 13603 14082 V IMU     : dt=0.023s accel=(0.370 0.000 0.000)m/s^2
01-17 23:22:29.176 13603 14082 V IMU     : dt=0.019s accel=(0.360 0.000 -0.010)m/s^2
01-17 23:22:29.184 13603 13615 I zygote  : Background concurrent copying GC freed 45440(1627KB) AllocSpace objects, 15(7MB) LOS objects, 47% free, 26MB/50MB, paused 753us total 700.557ms
01-17 23:22:29.200 13603 14082 V IMU     : dt=0.026s accel=(0.360 0.000 0.000)m/s^2
01-17 23:22:29.237 13603 14082 V IMU     : dt=0.038s accel=(0.360 0.000 0.010)m/s^2
01-17 23:22:29.256 13603 14082 V IMU     : dt=0.018s accel=(0.360 -0.010 0.000)m/s^2
01-17 23:22:29.271 13603 14082 V IMU     : dt=0.015s accel=(0.360 0.930 0.300)m/s^2
01-17 23:22:29.290 13603 14082 V IMU     : dt=0.019s accel=(-1.900 2.830 2.560)m/s^2
01-17 23:22:29.320 13603 14082 V IMU     : dt=0.030s accel=(0.720 1.070 3.130)m/s^2
01-17 23:22:29.337 13603 14082 V IMU     : dt=0.017s accel=(-1.010 3.150 -1.270)m/s^2
01-17 23:22:29.350 13603 14083 I System.out: here
01-17 23:22:29.366 13603 14083 I System.out: here
01-17 23:22:29.368 13603 14082 V IMU     : dt=0.032s accel=(1.870 2.590 -0.620)m/s^2
01-17 23:22:29.389 13603 14083 I System.out: here
01-17 23:22:29.391 13603 14082 V IMU     : dt=0.023s accel=(-3.620 2.860 1.100)m/s^2
01-17 23:22:29.399 13603 14083 I System.out: here
01-17 23:22:29.409 13603 14082 V IMU     : dt=0.018s accel=(-1.400 1.700 -1.680)m/s^2
01-17 23:22:29.420 13603 14083 I System.out: here
01-17 23:22:29.434 13603 14082 V IMU     : dt=0.024s accel=(2.760 1.650 -2.100)m/s^2
01-17 23:22:29.441 13603 14083 I System.out: here
01-17 23:22:29.450 13603 14082 V IMU     : dt=0.017s accel=(0.770 2.390 -1.240)m/s^2
01-17 23:22:29.454 13603 14083 I System.out: here
01-17 23:22:29.469 13603 14083 I System.out: here
01-17 23:22:29.472 13603 14082 V IMU     : dt=0.021s accel=(-1.160 1.520 1.880)m/s^2
01-17 23:22:29.490 13603 14083 I System.out: here
01-17 23:22:29.492 13603 14082 V IMU     : dt=0.021s accel=(-3.190 -2.160 -0.460)m/s^2
01-17 23:22:29.510 13603 14083 I System.out: here
01-17 23:22:29.512 13603 14082 V IMU     : dt=0.020s accel=(0.950 -0.690 -0.350)m/s^2
01-17 23:22:29.524 13603 14083 I System.out: here
01-17 23:22:29.537 13603 14082 V IMU     : dt=0.025s accel=(0.330 0.270 -0.100)m/s^2
01-17 23:22:29.542 13603 14083 I System.out: here
01-17 23:22:29.577 13603 14082 V IMU     : dt=0.040s accel=(2.870 -0.650 -2.180)m/s^2
01-17 23:22:29.597 13603 14082 V IMU     : dt=0.020s accel=(2.700 -3.670 -2.020)m/s^2
01-17 23:22:29.613 13603 14082 V IMU     : dt=0.016s accel=(-1.790 -4.300 -2.190)m/s^2
01-17 23:22:29.631 13603 14082 V IMU     : dt=0.018s accel=(0.560 -3.930 -1.930)m/s^2
01-17 23:22:29.651 13603 14082 V IMU     : dt=0.020s accel=(0.120 -3.810 1.680)m/s^2
01-17 23:22:29.667 13603 14082 V IMU     : dt=0.016s accel=(0.360 -2.550 1.160)m/s^2
01-17 23:22:29.687 13603 14082 V IMU     : dt=0.018s accel=(-1.320 -2.850 0.920)m/s^2
01-17 23:22:29.702 13603 14082 V IMU     : dt=0.017s accel=(0.660 -0.750 0.350)m/s^2
01-17 23:22:29.718 13603 14082 V IMU     : dt=0.016s accel=(0.570 -1.520 -0.450)m/s^2
01-17 23:22:29.734 13603 14082 V IMU     : dt=0.016s accel=(0.250 -0.370 0.090)m/s^2
01-17 23:22:29.751 13603 14082 V IMU     : dt=0.017s accel=(-0.210 -1.020 0.260)m/s^2
01-17 23:22:29.761 13603 14139 W YuvRgbFrame.8788102569755: RecognizeImageRunnable.postprocessDetections - got a recognition with an invalid / background label
01-17 23:22:29.761 13603 14139 I chatty  : uid=10080(com.qualcomm.ftcrobotcontroller) pool-49-thread- identical 1 line
01-17 23:22:29.761 13603 14139 W YuvRgbFrame.8788102569755: RecognizeImageRunnable.postprocessDetections - got a recognition with an invalid / background label
01-17 23:22:29.772 13603 14082 V IMU     : dt=0.019s accel=(0.510 -0.320 0.100)m/s^2
01-17 23:22:29.786 13603 14082 V IMU     : dt=0.016s accel=(0.400 0.220 -0.310)m/s^2
01-17 23:22:29.802 13603 14082 V IMU     : dt=0.016s accel=(0.410 0.260 0.060)m/s^2
01-17 23:22:29.820 13603 14082 V IMU     : dt=0.018s accel=(0.340 0.000 -0.150)m/s^2
01-17 23:22:29.835 13603 14082 V IMU     : dt=0.015s accel=(0.310 0.330 -0.030)m/s^2
01-17 23:22:29.861 13603 14082 V IMU     : dt=0.026s accel=(0.210 -0.150 0.120)m/s^2
01-17 23:22:29.878 13603 14082 V IMU     : dt=0.016s accel=(0.410 -0.230 0.080)m/s^2
01-17 23:22:29.892 13603 14082 V IMU     : dt=0.015s accel=(0.160 -0.060 -0.210)m/s^2
01-17 23:22:29.913 13603 14082 V IMU     : dt=0.021s accel=(0.340 -0.020 -0.020)m/s^2
01-17 23:22:29.929 13603 14082 V IMU     : dt=0.016s accel=(0.220 0.000 0.030)m/s^2
01-17 23:22:29.948 13603 14082 V IMU     : dt=0.019s accel=(0.360 -0.030 -0.010)m/s^2
01-17 23:22:29.964 13603 14082 V IMU     : dt=0.016s accel=(0.290 0.110 -0.060)m/s^2
01-17 23:22:29.983 13603 14082 V IMU     : dt=0.019s accel=(0.340 0.080 -0.030)m/s^2
01-17 23:22:30.004 13603 14082 V IMU     : dt=0.021s accel=(0.300 0.000 -0.010)m/s^2
01-17 23:22:30.022 13603 14082 V IMU     : dt=0.018s accel=(0.380 -0.070 0.010)m/s^2
01-17 23:22:30.038 13603 14082 V IMU     : dt=0.016s accel=(0.300 -0.110 0.020)m/s^2
01-17 23:22:30.058 13603 14082 V IMU     : dt=0.020s accel=(0.410 0.020 0.010)m/s^2
01-17 23:22:30.074 13603 14082 V IMU     : dt=0.016s accel=(0.300 -0.240 -0.090)m/s^2
01-17 23:22:30.110 13603 14082 V IMU     : dt=0.034s accel=(0.300 -0.170 0.020)m/s^2
01-17 23:22:30.130 13603 14082 V IMU     : dt=0.021s accel=(0.420 -0.110 -0.080)m/s^2
01-17 23:22:30.152 13603 14082 V IMU     : dt=0.021s accel=(0.430 0.000 -0.230)m/s^2
01-17 23:22:30.172 13603 14082 V IMU     : dt=0.022s accel=(0.220 0.180 0.000)m/s^2
01-17 23:22:30.198 13603 14082 V IMU     : dt=0.018s accel=(0.440 0.090 -0.010)m/s^2
01-17 23:22:30.210 13603 14082 V IMU     : dt=0.020s accel=(0.320 -0.210 -0.010)m/s^2
01-17 23:22:30.227 13603 14140 W YuvRgbFrame.8788717321431: RecognizeImageRunnable.postprocessDetections - got a recognition with an invalid / background label
01-17 23:22:30.228 13603 14140 I chatty  : uid=10080(com.qualcomm.ftcrobotcontroller) pool-49-thread- identical 3 lines
01-17 23:22:30.228 13603 14140 W YuvRgbFrame.8788717321431: RecognizeImageRunnable.postprocessDetections - got a recognition with an invalid / background label
01-17 23:22:30.229 13603 14082 V IMU     : dt=0.016s accel=(0.240 0.030 0.220)m/s^2
01-17 23:22:30.252 13603 14082 V IMU     : dt=0.025s accel=(0.470 -0.050 -0.210)m/s^2
01-17 23:22:30.269 13603 14082 V IMU     : dt=0.016s accel=(0.380 -0.140 0.000)m/s^2
01-17 23:22:30.288 13603 14082 V IMU     : dt=0.021s accel=(0.520 0.220 0.050)m/s^2
01-17 23:22:30.307 13603 14082 V IMU     : dt=0.019s accel=(0.280 0.090 -0.120)m/s^2
01-17 23:22:30.322 13603 14082 V IMU     : dt=0.016s accel=(0.440 0.000 -0.010)m/s^2
01-17 23:22:30.331 13603 13615 I zygote  : NativeAlloc concurrent copying GC freed 51869(1770KB) AllocSpace objects, 38(17MB) LOS objects, 50% free, 23MB/47MB, paused 777us total 555.253ms
01-17 23:22:30.362 13603 14082 V IMU     : dt=0.039s accel=(0.340 -0.210 -0.260)m/s^2
01-17 23:22:30.377 13603 14082 V IMU     : dt=0.016s accel=(0.220 -0.200 -0.080)m/s^2
01-17 23:22:30.398 13603 14082 V IMU     : dt=0.020s accel=(0.120 -0.020 0.210)m/s^2
01-17 23:22:30.415 13603 14082 V IMU     : dt=0.018s accel=(0.530 0.160 0.010)m/s^2
01-17 23:22:30.438 13603 14082 V IMU     : dt=0.021s accel=(0.300 -0.230 0.050)m/s^2
01-17 23:22:30.454 13603 14082 V IMU     : dt=0.017s accel=(0.560 -0.420 0.100)m/s^2
01-17 23:22:30.471 13603 14082 V IMU     : dt=0.017s accel=(0.420 0.210 -0.110)m/s^2
01-17 23:22:30.489 13603 14082 V IMU     : dt=0.017s accel=(0.670 0.450 0.110)m/s^2
01-17 23:22:30.506 13603 14082 V IMU     : dt=0.017s accel=(0.210 0.420 0.130)m/s^2
01-17 23:22:30.526 13603 14082 V IMU     : dt=0.019s accel=(0.520 0.100 -0.350)m/s^2
01-17 23:22:30.544 13603 14082 V IMU     : dt=0.020s accel=(0.580 0.320 0.030)m/s^2
01-17 23:22:30.565 13603 14082 V IMU     : dt=0.020s accel=(0.370 -0.080 0.180)m/s^2
01-17 23:22:30.590 13603 14082 V IMU     : dt=0.027s accel=(0.310 -0.020 0.200)m/s^2
01-17 23:22:30.604 13603 14082 V IMU     : dt=0.013s accel=(0.580 0.030 0.000)m/s^2
01-17 23:22:30.627 13603 14082 V IMU     : dt=0.023s accel=(0.390 -0.010 0.040)m/s^2
01-17 23:22:30.645 13603 14082 V IMU     : dt=0.018s accel=(0.340 0.010 0.030)m/s^2
01-17 23:22:30.666 13603 14082 V IMU     : dt=0.022s accel=(0.390 0.040 -0.070)m/s^2
01-17 23:22:30.690 13603 14082 V IMU     : dt=0.022s accel=(0.290 -0.080 -0.100)m/s^2
01-17 23:22:30.713 13603 14082 V IMU     : dt=0.024s accel=(0.250 -0.020 0.060)m/s^2
01-17 23:22:30.737 13603 14082 V IMU     : dt=0.023s accel=(0.420 -0.010 -0.020)m/s^2
01-17 23:22:30.756 13603 14082 V IMU     : dt=0.020s accel=(0.300 -0.010 -0.050)m/s^2
01-17 23:22:30.780 13603 14082 V IMU     : dt=0.019s accel=(0.370 0.020 -0.030)m/s^2
01-17 23:22:30.793 13603 14082 V IMU     : dt=0.018s accel=(0.330 0.080 0.050)m/s^2
01-17 23:22:30.811 13603 14082 V IMU     : dt=0.019s accel=(0.400 -0.040 0.010)m/s^2
01-17 23:22:30.827 13603 14082 V IMU     : dt=0.016s accel=(0.340 -0.030 0.010)m/s^2
01-17 23:22:30.844 13603 14082 V IMU     : dt=0.015s accel=(0.350 0.010 0.070)m/s^2
01-17 23:22:30.858 13603 14082 V IMU     : dt=0.015s accel=(0.390 0.010 -0.010)m/s^2
01-17 23:22:30.885 13603 14082 V IMU     : dt=0.026s accel=(0.340 0.020 0.000)m/s^2
01-17 23:22:30.909 13603 14082 V IMU     : dt=0.014s accel=(0.360 -0.020 0.010)m/s^2
01-17 23:22:30.938 13603 14082 V IMU     : dt=0.041s accel=(0.340 -0.010 0.010)m/s^2
01-17 23:22:30.958 13603 14082 V IMU     : dt=0.020s accel=(0.360 0.010 0.020)m/s^2
01-17 23:22:30.974 13603 14082 V IMU     : dt=0.016s accel=(0.380 -0.020 -0.020)m/s^2
01-17 23:22:30.991 13603 14082 V IMU     : dt=0.016s accel=(0.360 -0.020 0.010)m/s^2
01-17 23:22:31.016 13603 14082 V IMU     : dt=0.017s accel=(0.370 -0.010 0.000)m/s^2
01-17 23:22:31.030 13603 14082 V IMU     : dt=0.023s accel=(0.370 0.000 0.020)m/s^2
01-17 23:22:31.046 13603 14082 V IMU     : dt=0.016s accel=(0.360 -0.030 0.010)m/s^2
01-17 23:22:31.054 13603 14139 W YuvRgbFrame.8789289680864: RecognizeImageRunnable.postprocessDetections - got a recognition with an invalid / background label
01-17 23:22:31.054 13603 14139 I chatty  : uid=10080(com.qualcomm.ftcrobotcontroller) pool-49-thread- identical 1 line
01-17 23:22:31.054 13603 14139 W YuvRgbFrame.8789289680864: RecognizeImageRunnable.postprocessDetections - got a recognition with an invalid / background label
01-17 23:22:31.062 13603 14082 V IMU     : dt=0.016s accel=(0.370 0.000 0.000)m/s^2
01-17 23:22:31.086 13603 14082 V IMU     : dt=0.023s accel=(0.360 -0.010 0.010)m/s^2
01-17 23:22:31.105 13603 14082 V IMU     : dt=0.019s accel=(0.370 0.000 0.000)m/s^2
01-17 23:22:31.122 13603 14082 V IMU     : dt=0.017s accel=(0.370 0.000 0.000)m/s^2
01-17 23:22:31.142 13603 14082 V IMU     : dt=0.020s accel=(0.360 0.000 0.000)m/s^2
01-17 23:22:31.158 13603 14082 V IMU     : dt=0.016s accel=(0.350 0.000 0.020)m/s^2
01-17 23:22:31.176 13603 14082 V IMU     : dt=0.017s accel=(0.360 0.000 -0.010)m/s^2
01-17 23:22:31.195 13603 14082 V IMU     : dt=0.020s accel=(0.370 0.000 0.000)m/s^2
01-17 23:22:31.212 13603 14082 V IMU     : dt=0.016s accel=(0.360 0.000 0.000)m/s^2
01-17 23:22:31.226 13603 14082 V IMU     : dt=0.016s accel=(0.350 0.010 -0.020)m/s^2
01-17 23:22:31.242 13603 14082 V IMU     : dt=0.016s accel=(0.370 0.000 0.000)m/s^2
01-17 23:22:31.265 13603 14082 V IMU     : dt=0.023s accel=(0.350 0.000 0.050)m/s^2
01-17 23:22:31.284 13603 14082 V IMU     : dt=0.019s accel=(0.370 -0.010 0.040)m/s^2
01-17 23:22:31.293 13603 14140 W YuvRgbFrame.8789828180500: RecognizeImageRunnable.postprocessDetections - got a recognition with an invalid / background label
01-17 23:22:31.293 13603 14140 W YuvRgbFrame.8789828180500: RecognizeImageRunnable.postprocessDetections - got a recognition with an invalid / background label
01-17 23:22:31.300 13603 14082 V IMU     : dt=0.016s accel=(0.370 -0.040 0.000)m/s^2
01-17 23:22:31.317 13603 14082 V IMU     : dt=0.016s accel=(0.360 0.000 -0.010)m/s^2
01-17 23:22:31.335 13603 14082 V IMU     : dt=0.018s accel=(0.360 -0.010 0.000)m/s^2
01-17 23:22:31.355 13603 14082 V IMU     : dt=0.021s accel=(0.370 0.000 0.000)m/s^2
01-17 23:22:31.374 13603 14082 V IMU     : dt=0.018s accel=(0.360 -0.010 -0.020)m/s^2
01-17 23:22:31.390 13603 14082 V IMU     : dt=0.016s accel=(0.350 -0.020 -0.010)m/s^2
01-17 23:22:31.399 13603 14026 I zygote  : IncrementDisableThreadFlip blocked for 5.092ms
01-17 23:22:31.412 13603 14082 V IMU     : dt=0.022s accel=(0.380 0.000 0.000)m/s^2
01-17 23:22:31.432 13603 14082 V IMU     : dt=0.019s accel=(0.370 -0.010 0.020)m/s^2
01-17 23:22:31.446 13603 14082 V IMU     : dt=0.015s accel=(0.350 0.000 0.010)m/s^2
01-17 23:22:31.461 13603 14082 V IMU     : dt=0.016s accel=(0.360 0.000 0.010)m/s^2
01-17 23:22:31.484 13603 14082 V IMU     : dt=0.022s accel=(0.350 0.000 -0.010)m/s^2
01-17 23:22:31.500 13603 14082 V IMU     : dt=0.016s accel=(0.360 0.000 0.000)m/s^2
01-17 23:22:31.516 13603 14082 V IMU     : dt=0.016s accel=(0.350 0.000 -0.020)m/s^2
01-17 23:22:31.532 13603 14082 V IMU     : dt=0.016s accel=(0.350 0.010 0.000)m/s^2
01-17 23:22:31.547 13603 14082 V IMU     : dt=0.015s accel=(0.360 0.000 0.020)m/s^2
01-17 23:22:31.564 13603 14082 V IMU     : dt=0.017s accel=(0.370 -0.020 -0.010)m/s^2
01-17 23:22:31.581 13603 14082 V IMU     : dt=0.017s accel=(0.370 0.000 0.000)m/s^2
01-17 23:22:31.622 13603 14082 V IMU     : dt=0.041s accel=(0.390 0.000 -0.010)m/s^2
01-17 23:22:31.639 13603 14082 V IMU     : dt=0.017s accel=(0.440 -0.030 -0.190)m/s^2
01-17 23:22:31.661 13603 14082 V IMU     : dt=0.022s accel=(0.240 -0.020 0.160)m/s^2
01-17 23:22:31.692 13603 14082 V IMU     : dt=0.031s accel=(0.370 0.030 -0.030)m/s^2
01-17 23:22:31.708 13603 14082 V IMU     : dt=0.016s accel=(0.370 0.010 0.050)m/s^2
01-17 23:22:31.725 13603 14082 V IMU     : dt=0.016s accel=(0.350 0.000 0.070)m/s^2
01-17 23:22:31.750 13603 14082 V IMU     : dt=0.021s accel=(0.390 -0.010 -0.040)m/s^2
01-17 23:22:31.779 13603 14082 V IMU     : dt=0.021s accel=(0.340 0.030 -0.010)m/s^2
01-17 23:22:31.793 13603 14082 V IMU     : dt=0.027s accel=(0.360 -0.020 0.010)m/s^2
01-17 23:22:31.846 13603 14082 V IMU     : dt=0.049s accel=(0.360 0.000 0.000)m/s^2
01-17 23:22:31.865 13603 14082 V IMU     : dt=0.023s accel=(0.370 0.000 0.000)m/s^2
01-17 23:22:31.890 13603 14082 V IMU     : dt=0.022s accel=(0.360 -0.030 0.010)m/s^2
01-17 23:22:31.907 13603 14082 V IMU     : dt=0.017s accel=(0.360 0.000 0.000)m/s^2
01-17 23:22:31.919 13603 14082 V IMU     : dt=0.016s accel=(0.360 -0.010 0.000)m/s^2
01-17 23:22:31.949 13603 14139 W YuvRgbFrame.8790368189512: RecognizeImageRunnable.postprocessDetections - got a recognition with an invalid / background label
01-17 23:22:31.949 13603 14139 W YuvRgbFrame.8790368189512: RecognizeImageRunnable.postprocessDetections - got a recognition with an invalid / background label
01-17 23:22:31.968 13603 14082 V IMU     : dt=0.045s accel=(0.370 0.000 0.010)m/s^2
01-17 23:22:31.985 13603 14082 V IMU     : dt=0.019s accel=(0.350 0.000 0.000)m/s^2
01-17 23:22:31.986 13603 13615 I zygote  : NativeAlloc concurrent copying GC freed 64952(2MB) AllocSpace objects, 49(23MB) LOS objects, 50% free, 23MB/47MB, paused 2.905ms total 597.136ms
01-17 23:22:32.003 13603 14082 V IMU     : dt=0.019s accel=(0.370 0.000 -0.010)m/s^2
01-17 23:22:32.045 13603 14082 V IMU     : dt=0.043s accel=(0.380 0.000 0.000)m/s^2
01-17 23:22:32.065 13603 14082 V IMU     : dt=0.020s accel=(0.360 0.000 -0.020)m/s^2
01-17 23:22:32.083 13603 14082 V IMU     : dt=0.018s accel=(0.360 -0.030 0.000)m/s^2
01-17 23:22:32.101 13603 14082 V IMU     : dt=0.016s accel=(0.350 0.000 0.000)m/s^2
01-17 23:22:32.132 13603 14082 V IMU     : dt=0.033s accel=(0.370 -0.010 0.020)m/s^2
01-17 23:22:32.147 13603 14082 V IMU     : dt=0.015s accel=(0.340 0.010 0.000)m/s^2
01-17 23:22:32.163 13603 14082 V IMU     : dt=0.016s accel=(0.350 -0.030 0.010)m/s^2
01-17 23:22:32.182 13603 14082 V IMU     : dt=0.019s accel=(0.360 0.000 -0.020)m/s^2
01-17 23:22:32.193 13603 14140 W YuvRgbFrame.8790891795605: RecognizeImageRunnable.postprocessDetections - got a recognition with an invalid / background label
01-17 23:22:32.193 13603 14140 W YuvRgbFrame.8790891795605: RecognizeImageRunnable.postprocessDetections - got a recognition with an invalid / background label
01-17 23:22:32.208 13603 14082 V IMU     : dt=0.026s accel=(0.360 -0.010 0.000)m/s^2
01-17 23:22:32.226 13603 14082 V IMU     : dt=0.018s accel=(0.340 -0.040 0.020)m/s^2
01-17 23:22:32.242 13603 14082 V IMU     : dt=0.016s accel=(0.370 0.000 -0.020)m/s^2
01-17 23:22:32.259 13603 14082 V IMU     : dt=0.017s accel=(0.340 0.000 0.010)m/s^2
01-17 23:22:32.275 13603 14082 V IMU     : dt=0.016s accel=(0.380 -0.010 0.010)m/s^2
01-17 23:22:32.291 13603 14082 V IMU     : dt=0.016s accel=(0.360 0.000 0.000)m/s^2
01-17 23:22:32.316 13603 14082 V IMU     : dt=0.025s accel=(0.380 0.000 0.000)m/s^2
01-17 23:22:32.334 13603 14082 V IMU     : dt=0.018s accel=(0.350 0.010 0.000)m/s^2
01-17 23:22:32.356 13603 14082 V IMU     : dt=0.020s accel=(0.370 0.000 -0.020)m/s^2
01-17 23:22:32.375 13603 14082 V IMU     : dt=0.018s accel=(0.380 -0.020 0.000)m/s^2
01-17 23:22:32.397 13603 14082 V IMU     : dt=0.025s accel=(0.360 0.000 0.010)m/s^2
01-17 23:22:32.418 13603 14082 V IMU     : dt=0.020s accel=(0.350 0.010 0.000)m/s^2
01-17 23:22:32.433 13603 14082 V IMU     : dt=0.016s accel=(0.370 -0.020 0.000)m/s^2
01-17 23:22:32.450 13603 14082 V IMU     : dt=0.017s accel=(0.380 0.000 0.010)m/s^2
01-17 23:22:32.466 13603 14082 V IMU     : dt=0.016s accel=(0.360 0.000 0.000)m/s^2
01-17 23:22:32.488 13603 14082 V IMU     : dt=0.022s accel=(0.350 0.000 0.000)m/s^2
01-17 23:22:32.504 13603 14082 V IMU     : dt=0.016s accel=(0.380 0.010 0.000)m/s^2
01-17 23:22:32.520 13603 14082 V IMU     : dt=0.016s accel=(0.360 0.000 0.000)m/s^2
01-17 23:22:32.537 13603 14082 V IMU     : dt=0.017s accel=(0.360 -0.010 0.050)m/s^2
01-17 23:22:32.555 13603 14082 V IMU     : dt=0.017s accel=(0.360 -0.020 0.000)m/s^2
01-17 23:22:32.570 13603 14082 V IMU     : dt=0.013s accel=(0.370 -0.010 0.000)m/s^2
01-17 23:22:32.582 13603 14082 V IMU     : dt=0.015s accel=(0.380 0.010 0.020)m/s^2
01-17 23:22:32.598 13603 14082 V IMU     : dt=0.016s accel=(0.380 -0.020 0.020)m/s^2
01-17 23:22:32.618 13603 14082 V IMU     : dt=0.020s accel=(0.410 0.000 0.030)m/s^2
01-17 23:22:32.631 13603 14139 W YuvRgbFrame.8791359632267: RecognizeImageRunnable.postprocessDetections - got a recognition with an invalid / background label
01-17 23:22:32.631 13603 14139 W YuvRgbFrame.8791359632267: RecognizeImageRunnable.postprocessDetections - got a recognition with an invalid / background label
01-17 23:22:32.636 13603 14082 V IMU     : dt=0.018s accel=(0.370 0.020 -0.020)m/s^2
01-17 23:22:32.654 13603 14082 V IMU     : dt=0.018s accel=(0.370 -0.020 -0.030)m/s^2
01-17 23:22:32.675 13603 14082 V IMU     : dt=0.016s accel=(0.370 0.000 0.040)m/s^2
01-17 23:22:32.688 13603 14082 V IMU     : dt=0.017s accel=(0.340 0.010 0.000)m/s^2
01-17 23:22:32.708 13603 14082 V IMU     : dt=0.021s accel=(0.360 0.000 0.030)m/s^2
01-17 23:22:32.724 13603 14082 V IMU     : dt=0.016s accel=(0.370 -0.070 -0.010)m/s^2
01-17 23:22:32.744 13603 14082 V IMU     : dt=0.015s accel=(0.340 0.010 -0.010)m/s^2
01-17 23:22:32.759 13603 14082 V IMU     : dt=0.019s accel=(0.390 0.010 -0.030)m/s^2
01-17 23:22:32.778 13603 14082 V IMU     : dt=0.017s accel=(0.370 0.000 0.010)m/s^2
01-17 23:22:32.790 13603 14082 V IMU     : dt=0.015s accel=(0.360 -0.010 0.030)m/s^2
01-17 23:22:32.806 13603 14082 V IMU     : dt=0.016s accel=(0.350 -0.040 0.000)m/s^2
01-17 23:22:32.826 13603 14082 V IMU     : dt=0.019s accel=(0.350 -0.010 0.000)m/s^2
01-17 23:22:32.842 13603 14082 V IMU     : dt=0.017s accel=(0.360 0.020 0.000)m/s^2
01-17 23:22:32.861 13603 14082 V IMU     : dt=0.018s accel=(0.370 0.000 0.000)m/s^2
01-17 23:22:32.876 13603 14082 V IMU     : dt=0.015s accel=(0.380 0.000 0.030)m/s^2
01-17 23:22:32.901 13603 14082 V IMU     : dt=0.024s accel=(0.390 -0.010 0.060)m/s^2
01-17 23:22:32.929 13603 14082 V IMU     : dt=0.029s accel=(0.360 0.000 -0.020)m/s^2
01-17 23:22:32.967 13603 14082 V IMU     : dt=0.038s accel=(0.370 0.030 0.040)m/s^2
01-17 23:22:32.981 13603 14082 V IMU     : dt=0.014s accel=(-0.200 4.820 3.420)m/s^2
01-17 23:22:32.998 13603 14082 V IMU     : dt=0.018s accel=(0.840 5.410 1.300)m/s^2
01-17 23:22:33.049 13603 14082 V IMU     : dt=0.051s accel=(0.250 2.400 0.290)m/s^2
01-17 23:22:33.079 13603 14083 I System.out: here
01-17 23:22:33.085 13603 14082 V IMU     : dt=0.031s accel=(1.020 2.980 0.320)m/s^2
01-17 23:22:33.102 13603 14083 I System.out: here
01-17 23:22:33.110 13603 14082 V IMU     : dt=0.024s accel=(-3.160 1.580 1.340)m/s^2
01-17 23:22:33.124 13603 14082 V IMU     : dt=0.019s accel=(3.170 1.840 1.820)m/s^2
01-17 23:22:33.129 13603 14083 I System.out: here
01-17 23:22:33.152 13603 14083 I System.out: here
01-17 23:22:33.161 13603 14082 V IMU     : dt=0.037s accel=(1.750 3.440 0.800)m/s^2
01-17 23:22:33.184 13603 14083 I System.out: here
01-17 23:22:33.189 13603 14082 V IMU     : dt=0.027s accel=(-2.140 -2.130 -2.420)m/s^2
01-17 23:22:33.204 13603 14083 I System.out: here
01-17 23:22:33.208 13603 14082 V IMU     : dt=0.019s accel=(3.310 -1.060 -1.630)m/s^2
01-17 23:22:33.230 13603 14082 V IMU     : dt=0.024s accel=(-2.660 -2.190 0.190)m/s^2
01-17 23:22:33.249 13603 14082 V IMU     : dt=0.018s accel=(-2.900 -1.270 1.750)m/s^2
01-17 23:22:33.267 13603 14082 V IMU     : dt=0.018s accel=(3.930 1.800 2.800)m/s^2
01-17 23:22:33.288 13603 14082 V IMU     : dt=0.019s accel=(-1.350 -5.590 -4.760)m/s^2
01-17 23:22:33.314 13603 14082 V IMU     : dt=0.029s accel=(2.030 -5.010 0.850)m/s^2
01-17 23:22:33.331 13603 14082 V IMU     : dt=0.016s accel=(0.150 -4.370 -1.520)m/s^2
01-17 23:22:33.367 13603 14082 V IMU     : dt=0.034s accel=(0.370 -2.090 1.490)m/s^2
01-17 23:22:33.385 13603 14082 V IMU     : dt=0.021s accel=(0.090 -2.560 0.260)m/s^2
01-17 23:22:33.389 13603 14140 W YuvRgbFrame.8791869410703: RecognizeImageRunnable.postprocessDetections - got a recognition with an invalid / background label
01-17 23:22:33.389 13603 14140 W YuvRgbFrame.8791869410703: RecognizeImageRunnable.postprocessDetections - got a recognition with an invalid / background label
01-17 23:22:33.401 13603 14082 V IMU     : dt=0.017s accel=(0.690 -1.560 -0.450)m/s^2
01-17 23:22:33.418 13603 14082 V IMU     : dt=0.017s accel=(0.440 -0.340 -0.080)m/s^2
01-17 23:22:33.437 13603 14082 V IMU     : dt=0.019s accel=(0.510 0.520 0.410)m/s^2
01-17 23:22:33.453 13603 14082 V IMU     : dt=0.016s accel=(0.330 0.190 -0.620)m/s^2
01-17 23:22:33.469 13603 14082 V IMU     : dt=0.016s accel=(0.390 0.440 0.380)m/s^2
01-17 23:22:33.485 13603 14082 V IMU     : dt=0.016s accel=(0.320 0.590 -0.280)m/s^2
01-17 23:22:33.504 13603 14082 V IMU     : dt=0.018s accel=(0.440 0.030 -0.360)m/s^2
01-17 23:22:33.522 13603 14082 V IMU     : dt=0.018s accel=(0.200 -0.160 -0.090)m/s^2
01-17 23:22:33.538 13603 14082 V IMU     : dt=0.015s accel=(0.480 -0.060 -0.040)m/s^2
01-17 23:22:33.559 13603 14082 V IMU     : dt=0.022s accel=(0.330 -0.030 0.060)m/s^2
01-17 23:22:33.575 13603 14082 V IMU     : dt=0.016s accel=(0.270 -0.010 0.020)m/s^2
01-17 23:22:33.637 13603 14082 V IMU     : dt=0.026s accel=(0.350 -0.200 -0.040)m/s^2
01-17 23:22:33.649 13603 14082 V IMU     : dt=0.048s accel=(0.360 0.200 0.250)m/s^2
01-17 23:22:33.666 13603 14082 V IMU     : dt=0.017s accel=(0.390 -0.010 0.010)m/s^2
01-17 23:22:33.683 13603 14082 V IMU     : dt=0.018s accel=(0.310 -0.160 -0.100)m/s^2
01-17 23:22:33.700 13603 14082 V IMU     : dt=0.017s accel=(0.320 0.000 0.060)m/s^2
01-17 23:22:33.728 13603 14082 V IMU     : dt=0.027s accel=(0.350 -0.140 -0.100)m/s^2
01-17 23:22:33.746 13603 14082 V IMU     : dt=0.019s accel=(0.350 -0.310 -0.200)m/s^2
01-17 23:22:33.775 13603 14082 V IMU     : dt=0.017s accel=(0.350 -0.320 -0.020)m/s^2
01-17 23:22:33.792 13603 14082 V IMU     : dt=0.028s accel=(0.320 0.130 0.440)m/s^2
01-17 23:22:33.811 13603 14082 V IMU     : dt=0.016s accel=(0.370 -0.050 -0.020)m/s^2
01-17 23:22:33.822 13603 14082 V IMU     : dt=0.014s accel=(0.420 -0.250 -0.220)m/s^2
01-17 23:22:33.838 13603 14082 V IMU     : dt=0.016s accel=(0.320 -0.150 0.010)m/s^2
01-17 23:22:33.856 13603 13615 I zygote  : NativeAlloc concurrent copying GC freed 64457(2MB) AllocSpace objects, 47(22MB) LOS objects, 46% free, 27MB/51MB, paused 2.109ms total 809.752ms
01-17 23:22:33.871 13603 14082 V IMU     : dt=0.033s accel=(0.340 0.600 0.080)m/s^2
01-17 23:22:33.890 13603 14082 V IMU     : dt=0.018s accel=(0.420 -0.060 -0.160)m/s^2
01-17 23:22:33.906 13603 14082 V IMU     : dt=0.013s accel=(0.370 -0.100 -0.080)m/s^2
01-17 23:22:33.929 13603 14082 V IMU     : dt=0.025s accel=(0.430 -0.240 -0.110)m/s^2
01-17 23:22:33.930 13603 14139 W YuvRgbFrame.8792351563251: RecognizeImageRunnable.postprocessDetections - got a recognition with an invalid / background label
01-17 23:22:33.931 13603 14139 I chatty  : uid=10080(com.qualcomm.ftcrobotcontroller) pool-49-thread- identical 5 lines
01-17 23:22:33.931 13603 14139 W YuvRgbFrame.8792351563251: RecognizeImageRunnable.postprocessDetections - got a recognition with an invalid / background label
01-17 23:22:33.948 13603 14082 V IMU     : dt=0.020s accel=(0.270 -0.180 0.130)m/s^2
01-17 23:22:33.968 13603 14082 V IMU     : dt=0.021s accel=(0.470 -0.210 0.000)m/s^2
01-17 23:22:33.981 13603 14082 V IMU     : dt=0.013s accel=(0.430 -0.020 -0.170)m/s^2
01-17 23:22:33.998 13603 14082 V IMU     : dt=0.016s accel=(0.420 0.270 0.430)m/s^2
01-17 23:22:34.015 13603 14082 V IMU     : dt=0.017s accel=(0.220 0.390 0.130)m/s^2
01-17 23:22:34.032 13603 14082 V IMU     : dt=0.017s accel=(0.660 0.430 0.130)m/s^2
01-17 23:22:34.048 13603 14082 V IMU     : dt=0.016s accel=(0.250 0.190 0.420)m/s^2
01-17 23:22:34.064 13603 14082 V IMU     : dt=0.016s accel=(0.500 0.200 0.150)m/s^2
01-17 23:22:34.081 13603 14082 V IMU     : dt=0.017s accel=(0.330 -0.010 -0.400)m/s^2
01-17 23:22:34.097 13603 14082 V IMU     : dt=0.016s accel=(0.490 0.110 0.000)m/s^2
01-17 23:22:34.113 13603 14082 V IMU     : dt=0.016s accel=(0.260 -0.210 0.080)m/s^2
01-17 23:22:34.129 13603 14082 V IMU     : dt=0.016s accel=(0.310 -0.090 0.010)m/s^2
01-17 23:22:34.162 13603 14082 V IMU     : dt=0.033s accel=(0.300 -0.020 0.110)m/s^2
01-17 23:22:34.178 13603 14082 V IMU     : dt=0.016s accel=(0.360 -0.040 -0.080)m/s^2
01-17 23:22:34.187 13603 14140 W YuvRgbFrame.8792781623867: RecognizeImageRunnable.postprocessDetections - got a recognition with an invalid / background label
01-17 23:22:34.187 13603 14140 I chatty  : uid=10080(com.qualcomm.ftcrobotcontroller) pool-49-thread- identical 4 lines
01-17 23:22:34.187 13603 14140 W YuvRgbFrame.8792781623867: RecognizeImageRunnable.postprocessDetections - got a recognition with an invalid / background label
01-17 23:22:34.193 13603 14082 V IMU     : dt=0.015s accel=(0.330 0.020 0.090)m/s^2
01-17 23:22:34.208 13603 14082 V IMU     : dt=0.016s accel=(0.360 0.100 0.020)m/s^2
01-17 23:22:34.229 13603 14082 V IMU     : dt=0.020s accel=(0.350 0.060 0.060)m/s^2
01-17 23:22:34.243 13603 14082 V IMU     : dt=0.014s accel=(0.380 0.010 -0.060)m/s^2
01-17 23:22:34.269 13603 14082 V IMU     : dt=0.026s accel=(0.350 -0.030 0.040)m/s^2
01-17 23:22:34.287 13603 14082 V IMU     : dt=0.018s accel=(0.350 -0.030 0.040)m/s^2
01-17 23:22:34.307 13603 14082 V IMU     : dt=0.020s accel=(0.360 0.000 -0.040)m/s^2
01-17 23:22:34.325 13603 14082 V IMU     : dt=0.018s accel=(0.190 -0.210 0.030)m/s^2
01-17 23:22:34.348 13603 14082 V IMU     : dt=0.023s accel=(0.030 -2.060 -4.020)m/s^2
01-17 23:22:34.384 13603 14082 V IMU     : dt=0.036s accel=(-0.540 -0.650 -4.240)m/s^2
01-17 23:22:34.401 13603 14082 V IMU     : dt=0.017s accel=(-0.740 -3.530 0.570)m/s^2
01-17 23:22:34.446 13603 14082 V IMU     : dt=0.045s accel=(3.040 -1.740 1.060)m/s^2
01-17 23:22:34.462 13603 14083 I System.out: here
01-17 23:22:34.464 13603 14082 V IMU     : dt=0.017s accel=(0.230 -4.130 1.520)m/s^2
01-17 23:22:34.483 13603 14083 I System.out: here
01-17 23:22:34.484 13603 14082 V IMU     : dt=0.021s accel=(0.370 -3.640 -3.180)m/s^2
01-17 23:22:34.503 13603 14083 I System.out: here
01-17 23:22:34.510 13603 14082 V IMU     : dt=0.020s accel=(0.680 -2.790 -1.350)m/s^2
01-17 23:22:34.531 13603 14083 I System.out: here
01-17 23:22:34.537 13603 14082 V IMU     : dt=0.031s accel=(-0.710 -1.460 1.110)m/s^2
01-17 23:22:34.556 13603 14082 V IMU     : dt=0.017s accel=(0.670 -1.520 -0.700)m/s^2
01-17 23:22:34.563 13603 14083 I System.out: here
01-17 23:22:34.577 13603 14082 V IMU     : dt=0.024s accel=(-0.060 -0.790 -0.250)m/s^2
01-17 23:22:34.591 13603 14083 I System.out: here
01-17 23:22:34.604 13603 14082 V IMU     : dt=0.027s accel=(1.910 -0.970 -1.090)m/s^2
01-17 23:22:34.612 13603 14083 I System.out: here
01-17 23:22:34.627 13603 14082 V IMU     : dt=0.021s accel=(-1.710 -0.820 0.670)m/s^2
01-17 23:22:34.631 13603 14083 I System.out: here
01-17 23:22:34.652 13603 14082 V IMU     : dt=0.027s accel=(1.050 -0.170 3.790)m/s^2
01-17 23:22:34.663 13603 14083 I System.out: here
01-17 23:22:34.673 13603 14082 V IMU     : dt=0.020s accel=(-3.470 -0.940 3.580)m/s^2
01-17 23:22:34.681 13603 14083 I System.out: here
01-17 23:22:34.709 13603 14082 V IMU     : dt=0.025s accel=(-1.880 0.220 -2.490)m/s^2
01-17 23:22:34.717 13603 14083 I System.out: here
01-17 23:22:34.724 13603 14082 V IMU     : dt=0.027s accel=(2.420 0.070 -3.540)m/s^2
01-17 23:22:34.728 13603 14083 I System.out: here
01-17 23:22:34.740 13603 14083 I System.out: here
01-17 23:22:34.742 13603 14082 V IMU     : dt=0.018s accel=(-2.020 0.100 0.410)m/s^2
01-17 23:22:34.751 13603 14083 I System.out: here
01-17 23:22:34.752 13603 14139 W YuvRgbFrame.8793181125730: RecognizeImageRunnable.postprocessDetections - got a recognition with an invalid / background label
01-17 23:22:34.752 13603 14139 I chatty  : uid=10080(com.qualcomm.ftcrobotcontroller) pool-49-thread- identical 4 lines
01-17 23:22:34.752 13603 14139 W YuvRgbFrame.8793181125730: RecognizeImageRunnable.postprocessDetections - got a recognition with an invalid / background label
01-17 23:22:34.760 13603 14082 V IMU     : dt=0.018s accel=(4.200 0.370 -3.100)m/s^2
01-17 23:22:34.765 13603 14083 I System.out: here
01-17 23:22:34.786 13603 14083 I System.out: here
01-17 23:22:34.787 13603 14082 V IMU     : dt=0.027s accel=(-3.180 -1.520 2.110)m/s^2
01-17 23:22:34.814 13603 14082 V IMU     : dt=0.027s accel=(2.660 0.800 -2.550)m/s^2
01-17 23:22:34.819 13603 14083 I System.out: here
01-17 23:22:34.837 13603 14082 V IMU     : dt=0.023s accel=(4.470 0.880 -2.700)m/s^2
01-17 23:22:34.841 13603 14083 I System.out: here
01-17 23:22:34.856 13603 14083 I System.out: here
01-17 23:22:34.858 13603 14082 V IMU     : dt=0.021s accel=(-3.030 -0.610 0.850)m/s^2
01-17 23:22:34.874 13603 14082 V IMU     : dt=0.016s accel=(4.550 0.840 -1.640)m/s^2
01-17 23:22:34.880 13603 14083 I System.out: here
01-17 23:22:34.896 13603 14082 V IMU     : dt=0.021s accel=(-0.770 -1.710 0.310)m/s^2
01-17 23:22:34.901 13603 14083 I System.out: here
01-17 23:22:34.916 13603 14082 V IMU     : dt=0.021s accel=(-1.990 0.600 1.220)m/s^2
01-17 23:22:34.936 13603 14083 I System.out: here
01-17 23:22:34.946 13603 14082 V IMU     : dt=0.018s accel=(4.670 1.310 1.350)m/s^2
01-17 23:22:34.951 13603 14083 I System.out: here
01-17 23:22:34.967 13603 14083 I System.out: here
01-17 23:22:34.980 13603 14082 V IMU     : dt=0.045s accel=(-2.370 2.480 -0.530)m/s^2
01-17 23:22:35.013 13603 14082 V IMU     : dt=0.033s accel=(0.730 5.280 3.490)m/s^2
01-17 23:22:35.028 13603 14082 V IMU     : dt=0.016s accel=(1.510 5.850 0.710)m/s^2
01-17 23:22:35.045 13603 14082 V IMU     : dt=0.017s accel=(2.760 3.040 -0.330)m/s^2
01-17 23:22:35.061 13603 14082 V IMU     : dt=0.016s accel=(-0.140 2.550 -0.930)m/s^2
01-17 23:22:35.078 13603 14082 V IMU     : dt=0.017s accel=(-1.190 0.840 0.140)m/s^2
01-17 23:22:35.095 13603 14082 V IMU     : dt=0.016s accel=(0.340 0.890 -0.660)m/s^2
01-17 23:22:35.121 13603 14082 V IMU     : dt=0.027s accel=(0.360 2.130 -2.100)m/s^2
01-17 23:22:35.144 13603 14082 V IMU     : dt=0.018s accel=(0.250 2.250 -0.190)m/s^2
01-17 23:22:35.146 13603 14140 W YuvRgbFrame.8793553932694: RecognizeImageRunnable.postprocessDetections - got a recognition with an invalid / background label
01-17 23:22:35.148 13603 14140 I chatty  : uid=10080(com.qualcomm.ftcrobotcontroller) pool-49-thread- identical 2 lines
01-17 23:22:35.148 13603 14140 W YuvRgbFrame.8793553932694: RecognizeImageRunnable.postprocessDetections - got a recognition with an invalid / background label
01-17 23:22:35.157 13603 14082 V IMU     : dt=0.018s accel=(0.070 2.210 -1.570)m/s^2
01-17 23:22:35.179 13603 14082 V IMU     : dt=0.022s accel=(1.110 0.760 -0.550)m/s^2
01-17 23:22:35.203 13603 14082 V IMU     : dt=0.016s accel=(-0.530 -0.080 -0.540)m/s^2
01-17 23:22:35.218 13603 14082 V IMU     : dt=0.022s accel=(0.730 0.190 0.970)m/s^2
01-17 23:22:35.232 13603 14082 V IMU     : dt=0.015s accel=(0.540 0.450 -0.290)m/s^2
01-17 23:22:35.253 13603 14082 V IMU     : dt=0.021s accel=(0.090 -0.220 0.050)m/s^2
01-17 23:22:35.272 13603 14082 V IMU     : dt=0.019s accel=(0.160 0.270 -0.140)m/s^2
01-17 23:22:35.299 13603 14082 V IMU     : dt=0.025s accel=(0.680 0.140 0.490)m/s^2
01-17 23:22:35.314 13603 14082 V IMU     : dt=0.016s accel=(-0.140 -0.450 0.170)m/s^2
01-17 23:22:35.330 13603 14082 V IMU     : dt=0.017s accel=(0.340 -0.190 0.240)m/s^2
01-17 23:22:35.352 13603 14082 V IMU     : dt=0.021s accel=(0.380 -0.470 -1.270)m/s^2
01-17 23:22:35.368 13603 14139 W YuvRgbFrame.8793944082316: RecognizeImageRunnable.postprocessDetections - got a recognition with an invalid / background label
01-17 23:22:35.368 13603 14139 I chatty  : uid=10080(com.qualcomm.ftcrobotcontroller) pool-49-thread- identical 1 line
01-17 23:22:35.368 13603 14139 W YuvRgbFrame.8793944082316: RecognizeImageRunnable.postprocessDetections - got a recognition with an invalid / background label
01-17 23:22:35.378 13603 14082 V IMU     : dt=0.019s accel=(0.760 -0.290 -0.830)m/s^2
01-17 23:22:35.426 13603 14082 V IMU     : dt=0.044s accel=(0.600 -0.310 -0.060)m/s^2
01-17 23:22:35.441 13603 14082 V IMU     : dt=0.023s accel=(0.650 0.010 0.100)m/s^2
01-17 23:22:35.450 13603 14139 I native  : Registering the position of 241591222 at 19.36,114.76,237.67,153.10
01-17 23:22:35.452 13603 14139 I native  : Registering the position of 241591222 at 19.36,114.76,237.67,153.10 at time 8793944082316
01-17 23:22:35.465 13603 14082 V IMU     : dt=0.025s accel=(-0.050 -0.330 0.190)m/s^2
01-17 23:22:35.473 13603 14082 V IMU     : dt=0.011s accel=(0.490 0.320 -0.010)m/s^2
01-17 23:22:35.496 13603 14082 V IMU     : dt=0.019s accel=(0.300 -0.440 -0.350)m/s^2
01-17 23:22:35.513 13603 14082 V IMU     : dt=0.021s accel=(0.360 -0.380 0.330)m/s^2
01-17 23:22:35.531 13603 14082 V IMU     : dt=0.017s accel=(0.120 -0.120 0.370)m/s^2
01-17 23:22:35.544 13603 14082 V IMU     : dt=0.014s accel=(0.380 -0.080 -0.090)m/s^2
01-17 23:22:35.564 13603 14082 V IMU     : dt=0.020s accel=(0.330 0.290 0.030)m/s^2
01-17 23:22:35.580 13603 14082 V IMU     : dt=0.015s accel=(0.290 0.510 0.110)m/s^2
01-17 23:22:35.596 13603 14082 V IMU     : dt=0.016s accel=(0.330 0.360 0.280)m/s^2
01-17 23:22:35.621 13603 14082 V IMU     : dt=0.025s accel=(0.350 -0.890 0.010)m/s^2
01-17 23:22:35.640 13603 14082 V IMU     : dt=0.019s accel=(0.120 0.100 0.270)m/s^2
01-17 23:22:35.667 13603 14082 V IMU     : dt=0.028s accel=(0.530 0.360 0.190)m/s^2
01-17 23:22:35.686 13603 14082 V IMU     : dt=0.018s accel=(0.370 0.000 0.180)m/s^2
01-17 23:22:35.706 13603 14082 V IMU     : dt=0.019s accel=(0.340 0.280 0.330)m/s^2
01-17 23:22:35.737 13603 14082 V IMU     : dt=0.016s accel=(0.360 0.390 0.040)m/s^2
01-17 23:22:35.743 13603 14082 V IMU     : dt=0.023s accel=(0.590 -1.020 -0.460)m/s^2
01-17 23:22:35.764 13603 14082 V IMU     : dt=0.020s accel=(0.340 -0.240 0.460)m/s^2
01-17 23:22:35.778 13603 14082 V IMU     : dt=0.015s accel=(0.150 -0.070 0.160)m/s^2
01-17 23:22:35.797 13603 14082 V IMU     : dt=0.017s accel=(0.380 0.270 -0.100)m/s^2
01-17 23:22:35.820 13603 14082 V IMU     : dt=0.025s accel=(0.420 0.480 0.330)m/s^2
01-17 23:22:35.850 13603 14082 V IMU     : dt=0.030s accel=(-0.190 -0.750 -0.740)m/s^2
01-17 23:22:35.854 13603 14140 W YuvRgbFrame.8794433115959: RecognizeImageRunnable.postprocessDetections - got a recognition with an invalid / background label
01-17 23:22:35.854 13603 14140 I chatty  : uid=10080(com.qualcomm.ftcrobotcontroller) pool-49-thread- identical 2 lines
01-17 23:22:35.854 13603 14140 W YuvRgbFrame.8794433115959: RecognizeImageRunnable.postprocessDetections - got a recognition with an invalid / background label
01-17 23:22:35.871 13603 14082 V IMU     : dt=0.021s accel=(-0.200 -0.150 -0.180)m/s^2
01-17 23:22:35.889 13603 14082 V IMU     : dt=0.018s accel=(0.120 -0.120 0.250)m/s^2
01-17 23:22:35.907 13603 14082 V IMU     : dt=0.018s accel=(0.370 0.140 0.190)m/s^2
01-17 23:22:35.915 13603 13615 I zygote  : NativeAlloc concurrent copying GC freed 86514(2MB) AllocSpace objects, 55(27MB) LOS objects, 49% free, 24MB/48MB, paused 2.100ms total 657.267ms
01-17 23:22:35.925 13603 14082 V IMU     : dt=0.017s accel=(0.300 0.280 0.120)m/s^2
01-17 23:22:35.951 13603 14082 V IMU     : dt=0.026s accel=(0.420 -0.160 -0.240)m/s^2
01-17 23:22:35.968 13603 14082 V IMU     : dt=0.018s accel=(0.260 -0.160 -0.050)m/s^2
01-17 23:22:36.004 13603 14082 V IMU     : dt=0.036s accel=(0.350 -0.120 0.170)m/s^2
01-17 23:22:36.025 13603 14082 V IMU     : dt=0.021s accel=(0.470 0.020 -0.060)m/s^2
01-17 23:22:36.058 13603 14082 V IMU     : dt=0.032s accel=(0.350 0.000 0.090)m/s^2
01-17 23:22:36.089 13603 14082 V IMU     : dt=0.032s accel=(0.600 -0.440 0.190)m/s^2
01-17 23:22:36.112 13603 14082 V IMU     : dt=0.022s accel=(-4.120 -6.430 -3.290)m/s^2
01-17 23:22:36.128 13603 14082 V IMU     : dt=0.016s accel=(-1.560 -6.570 -5.690)m/s^2
01-17 23:22:36.149 13603 14082 V IMU     : dt=0.021s accel=(5.440 0.950 -2.490)m/s^2
01-17 23:22:36.181 13603 14082 V IMU     : dt=0.032s accel=(-0.350 1.330 -1.340)m/s^2
01-17 23:22:36.212 13603 14139 I native  : Registering the position of 146675895 at 22.78,122.36,230.19,156.97
01-17 23:22:36.212 13603 14139 I native  : Registering the position of 146675895 at 22.78,122.36,230.19,156.97 at time 8794766482086
01-17 23:22:36.221 13603 14082 V IMU     : dt=0.036s accel=(1.710 0.180 1.250)m/s^2
01-17 23:22:36.222 13603 14139 I native  : Registering the position of 151156772 at -2.98,121.24,152.81,154.80
01-17 23:22:36.222 13603 14139 I native  : Registering the position of 151156772 at -2.98,121.24,152.81,154.80 at time 8794766482086
01-17 23:22:36.223 13603 14139 I native  : Registering the position of 109072269 at 60.26,129.19,221.46,155.61
01-17 23:22:36.223 13603 14139 I native  : Registering the position of 109072269 at 60.26,129.19,221.46,155.61 at time 8794766482086
01-17 23:22:36.224 13603 14139 I native  : Registering the position of 15533378 at -3.60,123.96,70.58,153.70
01-17 23:22:36.224 13603 14139 I native  : Registering the position of 15533378 at -3.60,123.96,70.58,153.70 at time 8794766482086
01-17 23:22:36.225 13603 14139 I native  : Registering the position of 261196115 at 105.03,124.19,246.43,154.43
01-17 23:22:36.225 13603 14139 I native  : Registering the position of 261196115 at 105.03,124.19,246.43,154.43 at time 8794766482086
01-17 23:22:36.226 13603 14139 I native  : Registering the position of 33616528 at 128.99,131.35,237.03,154.36
01-17 23:22:36.226 13603 14139 I native  : Registering the position of 33616528 at 128.99,131.35,237.03,154.36 at time 8794766482086
01-17 23:22:36.244 13603 14082 V IMU     : dt=0.027s accel=(2.380 0.550 0.680)m/s^2
01-17 23:22:36.277 13603 14082 V IMU     : dt=0.032s accel=(-1.580 -2.450 2.900)m/s^2
01-17 23:22:36.296 13603 14082 V IMU     : dt=0.019s accel=(0.790 0.450 1.170)m/s^2
01-17 23:22:36.316 13603 14082 V IMU     : dt=0.021s accel=(1.070 -0.540 0.530)m/s^2
01-17 23:22:36.343 13603 14082 V IMU     : dt=0.027s accel=(-1.390 -0.590 -0.630)m/s^2
01-17 23:22:36.377 13603 14082 V IMU     : dt=0.034s accel=(0.170 -0.770 1.150)m/s^2
01-17 23:22:36.397 13603 14082 V IMU     : dt=0.021s accel=(-0.150 -0.590 1.170)m/s^2
01-17 23:22:36.414 13603 14082 V IMU     : dt=0.016s accel=(-0.900 -0.230 -2.090)m/s^2
01-17 23:22:36.434 13603 14082 V IMU     : dt=0.020s accel=(-0.440 -0.770 0.130)m/s^2
01-17 23:22:36.466 13603 14082 V IMU     : dt=0.029s accel=(3.880 0.170 -1.510)m/s^2
01-17 23:22:36.489 13603 14082 V IMU     : dt=0.026s accel=(1.060 -0.330 0.110)m/s^2
